******************************************************************************
                  TI ARM Linker Unix v18.1.1                   
******************************************************************************
>> Linked Mon Jul  2 23:31:15 2018

OUTPUT FILE NAME:   <PacMan.out>
ENTRY POINT SYMBOL: "_c_int00_noargs"  address: 00005fbd


MEMORY CONFIGURATION

         name            origin    length      used     unused   attr    fill
----------------------  --------  ---------  --------  --------  ----  --------
  FLASH                 00000000   00040000  00006277  00039d89  R  X
  SRAM                  20000000   00008000  00001f30  000060d0  RW X


SEGMENT ALLOCATION MAP

run origin  load origin   length   init length attrs members
----------  ----------- ---------- ----------- ----- -------
00000000    00000000    00006280   00006280    r-x
  00000000    00000000    0000026c   0000026c    r-- .intvecs
  0000026c    0000026c    000039e5   000039e5    r-- .const
  00003c54    00003c54    000024d6   000024d6    r-x .text
  00006130    00006130    00000150   00000150    r-- .cinit
20000000    20000000    00001f30   00000000    rw-
  20000000    20000000    00001b20   00000000    rw- .data
  20001b20    20001b20    00000210   00000000    rw- .bss
  20001d30    20001d30    00000200   00000000    rw- .stack


SECTION ALLOCATION MAP

 output                                  attributes/
section   page    origin      length       input sections
--------  ----  ----------  ----------   ----------------
.intvecs   0    00000000    0000026c     
                  00000000    0000026c     tm4c123gh6pm_startup_ccs.obj (.intvecs)

.const     0    0000026c    000039e5     
                  0000026c    000008b7     main.obj (.const:.string:BMPBestScore)
                  00000b23    000008b7     main.obj (.const:.string:BMPHelp)
                  000013da    000008b7     main.obj (.const:.string:BMPIntroduction)
                  00001c91    000008b7     main.obj (.const:.string:BMPPressEnterToPlay)
                  00002548    00000783     main.obj (.const:.string:BMPMap)
                  00002ccb    000001e5     Nokia5110.obj (.const:ASCII)
                  00002eb0    0000008f     main.obj (.const:.string:BMPPacMan_D)
                  00002f3f    0000008f     main.obj (.const:.string:BMPPacMan_L)
                  00002fce    0000008f     main.obj (.const:.string:BMPPacMan_R)
                  0000305d    0000008f     main.obj (.const:.string:BMPPacMan_U)
                  000030ec    0000008b     main.obj (.const:.string:C)
                  00003177    0000008b     main.obj (.const:.string:E)
                  00003202    0000008b     main.obj (.const:.string:EIGHT)
                  0000328d    0000008b     main.obj (.const:.string:FIVE)
                  00003318    0000008b     main.obj (.const:.string:FOUR)
                  000033a3    0000008b     main.obj (.const:.string:I)
                  0000342e    0000008b     main.obj (.const:.string:M)
                  000034b9    0000008b     main.obj (.const:.string:NINE)
                  00003544    0000008b     main.obj (.const:.string:O)
                  000035cf    0000008b     main.obj (.const:.string:ONE)
                  0000365a    0000008b     main.obj (.const:.string:R)
                  000036e5    0000008b     main.obj (.const:.string:S)
                  00003770    0000008b     main.obj (.const:.string:SEVEN)
                  000037fb    0000008b     main.obj (.const:.string:SIX)
                  00003886    0000008b     main.obj (.const:.string:T)
                  00003911    0000008b     main.obj (.const:.string:THREE)
                  0000399c    0000008b     main.obj (.const:.string:TWO)
                  00003a27    0000008b     main.obj (.const:.string:TWOPOINTS)
                  00003ab2    0000008b     main.obj (.const:.string:ZERO)
                  00003b3d    00000003     --HOLE-- [fill = 0]
                  00003b40    00000070     driverlib.lib : interrupt.obj (.const)
                  00003bb0    0000006c                   : sysctl.obj (.const:g_pui32Xtals)
                  00003c1c    0000001c     Nokia5110.obj (.const:PAC_MAN)
                  00003c38    0000000c     Nokia5110.obj (.const:MIX_SIMBOLS)
                  00003c44    00000008     Nokia5110.obj (.const:.string:Masks)
                  00003c4c    00000005     Nokia5110.obj (.const:SPECIAL_SIMBOLS)

.text      0    00003c54    000024d6     
                  00003c54    00000df0     Nokia5110.obj (.text)
                  00004a44    00000b6c     main.obj (.text)
                  000055b0    000001b6     rtsv7M4_T_le_v4SPD16_eabi.lib : fd_add_t2.asm.obj (.text)
                  00005766    00000002                                   : div0.asm.obj (.text)
                  00005768    0000018c     Buttons.obj (.text)
                  000058f4    00000132     driverlib.lib : gpio.obj (.text:GPIOPadConfigSet)
                  00005a26    00000002     --HOLE-- [fill = 0]
                  00005a28    00000110                   : sysctl.obj (.text:SysCtlClockGet)
                  00005b38    000000fc     rtsv7M4_T_le_v4SPD16_eabi.lib : fd_mul_t2.asm.obj (.text)
                  00005c34    000000f4     driverlib.lib : sysctl.obj (.text:SysCtlClockSet)
                  00005d28    0000009c     rtsv7M4_T_le_v4SPD16_eabi.lib : memcpy_t2.asm.obj (.text)
                  00005dc4    00000068     driverlib.lib : interrupt.obj (.text:IntEnable)
                  00005e2c    00000068     rtsv7M4_T_le_v4SPD16_eabi.lib : copy_decompress_lzss.c.obj (.text:decompress:lzss:__TI_decompress_lzss)
                  00005e94    00000060     driverlib.lib : timer.obj (.text:TimerConfigure)
                  00005ef4    00000044     rtsv7M4_T_le_v4SPD16_eabi.lib : autoinit.c.obj (.text:__TI_auto_init_nobinit_nopinit:__TI_auto_init_nobinit_nopinit)
                  00005f38    00000044                                   : fd_tou_t2.asm.obj (.text)
                  00005f7c    00000040                                   : u_divt2.asm.obj (.text)
                  00005fbc    00000038                                   : boot_cortex_m.c.obj (.text:_c_int00_noargs:_c_int00_noargs)
                  00005ff4    00000034     driverlib.lib : sysctl.obj (.text:SysCtlPeripheralEnable)
                  00006028    0000002a                   : gpio.obj (.text:GPIODirModeSet)
                  00006052    00000020     rtsv7M4_T_le_v4SPD16_eabi.lib : u_tofd_t2.asm.obj (.text)
                  00006072    00000018     driverlib.lib : gpio.obj (.text:GPIOPinTypeGPIOOutput)
                  0000608a    00000012                   : gpio.obj (.text:GPIOPinTypeGPIOInput)
                  0000609c    00000012                   : timer.obj (.text:TimerLoadSet)
                  000060ae    00000012     rtsv7M4_T_le_v4SPD16_eabi.lib : copy_zero_init.c.obj (.text:decompress:ZI:__TI_zero_init_nomemset:__TI_zero_init_nomemset)
                  000060c0    00000010     driverlib.lib : interrupt.obj (.text:IntMasterEnable)
                  000060d0    0000000e                   : timer.obj (.text:TimerEnable)
                  000060de    0000000e     rtsv7M4_T_le_v4SPD16_eabi.lib : copy_decompress_none.c.obj (.text:decompress:none:__TI_decompress_none)
                  000060ec    0000000c     driverlib.lib : cpu.obj (.text:CPUcpsie)
                  000060f8    0000000c     tm4c123gh6pm_startup_ccs.obj (.text)
                  00006104    00000008     driverlib.lib : timer.obj (.text:TimerIntEnable)
                  0000610c    00000006                   : gpio.obj (.text:GPIOPinRead)
                  00006112    00000006                   : gpio.obj (.text:GPIOPinWrite)
                  00006118    00000006                   : sysctl.obj (.text:SysCtlDelay)
                  0000611e    00000004                   : timer.obj (.text:TimerIntClear)
                  00006122    00000004     rtsv7M4_T_le_v4SPD16_eabi.lib : pre_init.c.obj (.text:_system_pre_init)
                  00006126    00000004                                   : exit.c.obj (.text:abort:abort)

.cinit     0    00006130    00000150     
                  00006130    0000012c     (.cinit..data.load) [load image, compression = lzss]
                  0000625c    0000000c     (__TI_handler_table)
                  00006268    00000008     (.cinit..bss.load) [load image, compression = zero_init]
                  00006270    00000010     (__TI_cinit_table)

.init_array 
*          0    00000000    00000000     UNINITIALIZED

.data      0    20000000    00001b20     UNINITIALIZED
                  20000000    00000d74     Graphics.obj (.data:Fruits)
                  20000d74    00000d74     Graphics.obj (.data:Map)
                  20001ae8    00000028     main.obj (.data:Numbers)
                  20001b10    00000010     main.obj (.data)

.bss       0    20001b20    00000210     UNINITIALIZED
                  20001b20    000001f8     (.common:Screen)
                  20001d18    00000018     (.common:PacMan)

.stack     0    20001d30    00000200     UNINITIALIZED
                  20001d30    00000004     rtsv7M4_T_le_v4SPD16_eabi.lib : boot_cortex_m.c.obj (.stack)
                  20001d34    000001fc     --HOLE--

MODULE SUMMARY

       Module                         code   ro data   rw data
       ------                         ----   -------   -------
    ./
       main.obj                       2924   14060     80     
       Graphics.obj                   0      0         6888   
       Nokia5110.obj                  3568   538       504    
       tm4c123gh6pm_startup_ccs.obj   12     620       0      
       Buttons.obj                    396    0         0      
    +--+------------------------------+------+---------+---------+
       Total:                         6900   15218     7472   
                                                              
    /home/cliente/ti/SW-TM4C-2.1.4.178/driverlib/ccs/Debug/driverlib.lib
       sysctl.obj                     574    108       0      
       gpio.obj                       402    0         0      
       interrupt.obj                  120    112       0      
       timer.obj                      140    0         0      
       cpu.obj                        12     0         0      
    +--+------------------------------+------+---------+---------+
       Total:                         1248   220       0      
                                                              
    /home/cliente/ti/ccsv8/tools/compiler/ti-cgt-arm_18.1.1.LTS/lib/rtsv7M4_T_le_v4SPD16_eabi.lib
       fd_add_t2.asm.obj              438    0         0      
       fd_mul_t2.asm.obj              252    0         0      
       memcpy_t2.asm.obj              156    0         0      
       copy_decompress_lzss.c.obj     104    0         0      
       autoinit.c.obj                 68     0         0      
       fd_tou_t2.asm.obj              68     0         0      
       u_divt2.asm.obj                64     0         0      
       boot_cortex_m.c.obj            56     0         0      
       u_tofd_t2.asm.obj              32     0         0      
       copy_zero_init.c.obj           18     0         0      
       copy_decompress_none.c.obj     14     0         0      
       exit.c.obj                     4      0         0      
       pre_init.c.obj                 4      0         0      
       div0.asm.obj                   2      0         0      
    +--+------------------------------+------+---------+---------+
       Total:                         1280   0         0      
                                                              
       Stack:                         0      0         512    
       Linker Generated:              0      336       0      
    +--+------------------------------+------+---------+---------+
       Grand Total:                   9428   15774     7984   


LINKER GENERATED COPY TABLES

__TI_cinit_table @ 00006270 records: 2, size/record: 8, table size: 16
	.data: load addr=00006130, load size=0000012c bytes, run addr=20000000, run size=00001b20 bytes, compression=lzss
	.bss: load addr=00006268, load size=00000008 bytes, run addr=20001b20, run size=00000210 bytes, compression=zero_init


LINKER GENERATED HANDLER TABLE

__TI_handler_table @ 0000625c records: 3, size/record: 4, table size: 12
	index: 0, handler: __TI_decompress_lzss
	index: 1, handler: __TI_decompress_none
	index: 2, handler: __TI_zero_init


GLOBAL SYMBOLS: SORTED ALPHABETICALLY BY Name 

address   name                          
-------   ----                          
0000026c  BMPBestScore                  
00000b23  BMPHelp                       
000013da  BMPIntroduction               
00002548  BMPMap                        
00002eb0  BMPPacMan_D                   
00002f3f  BMPPacMan_L                   
00002fce  BMPPacMan_R                   
0000305d  BMPPacMan_U                   
00001c91  BMPPressEnterToPlay           
20001b18  BestScore                     
000030ec  C                             
00006127  C$$EXIT                       
000060ed  CPUcpsie                      
00005389  CheckEndGame                  
00005089  CheckMovement                 
00005769  ConfigureButtons              
00005349  ConvertSwitch                 
0000502d  DrawCharacter                 
00003177  E                             
00003202  EIGHT                         
0000512d  EatFruit                      
000053e5  EndGame                       
0000505d  EraseCharacter                
0000328d  FIVE                          
00003318  FOUR                          
20000000  Fruits                        
00006029  GPIODirModeSet                
000058f5  GPIOPadConfigSet              
0000610d  GPIOPinRead                   
0000608b  GPIOPinTypeGPIOInput          
00006073  GPIOPinTypeGPIOOutput         
00006113  GPIOPinWrite                  
20001b10  GamePaused                    
000057f9  GetButton                     
000057b3  GetColumn                     
000033a3  I                             
00004bdf  Initialize                    
00004c89  InitializeGrid                
00005dc5  IntEnable                     
000060c1  IntMasterEnable               
00004b27  Introduction                  
0000342e  M                             
20000d74  Map                           
00003c44  Masks                         
00004edd  Move                          
000034b9  NINE                          
0000409d  Nokia5110_Clear               
000047f5  Nokia5110_ClearBitmap         
000042f9  Nokia5110_ClearBuffer         
0000432d  Nokia5110_ClearPixel          
00004885  Nokia5110_ClearSquare         
00004323  Nokia5110_DisplayBuffer       
000046d1  Nokia5110_DrawChar            
000040cd  Nokia5110_DrawFullImage       
00004709  Nokia5110_DrawHLine           
000049b5  Nokia5110_DrawMix             
0000494d  Nokia5110_DrawPacMan          
00004353  Nokia5110_DrawPixel           
0000497f  Nokia5110_DrawSpecial         
00004763  Nokia5110_DrawVLine           
00003cc3  Nokia5110_Init                
00003ddd  Nokia5110_OutChar             
000045b3  Nokia5110_OutCharInv          
000043ed  Nokia5110_OutDec              
00004689  Nokia5110_OutSpecial          
00003e1d  Nokia5110_OutString           
00004645  Nokia5110_OutStringInv        
00003e49  Nokia5110_OutUDec             
00004a2d  Nokia5110_Padding             
00004115  Nokia5110_PrintBMP            
0000491b  Nokia5110_ReadPixel           
0000404d  Nokia5110_SetCursor           
000047bd  Nokia5110_SetPixel            
20001ae8  Numbers                       
00003544  O                             
000035cf  ONE                           
00004379  PLL_Init                      
20001d18  PacMan                        
00004b95  Pause                         
0000365a  R                             
000060f9  ResetISR                      
000036e5  S                             
00003770  SEVEN                         
000037fb  SIX                           
20001b14  Score                         
20001b20  Screen                        
00005a29  SysCtlClockGet                
00005c35  SysCtlClockSet                
00006119  SysCtlDelay                   
00005ff5  SysCtlPeripheralEnable        
00003886  T                             
00003911  THREE                         
0000399c  TWO                           
00003a27  TWOPOINTS                     
20001b1c  Time                          
00004a77  Timer0AIntHandler             
00005e95  TimerConfigure                
000060d1  TimerEnable                   
0000611f  TimerIntClear                 
00006105  TimerIntEnable                
0000609d  TimerLoadSet                  
00003ab2  ZERO                          
20001f30  __STACK_END                   
00000200  __STACK_SIZE                  
20001f30  __STACK_TOP                   
00006270  __TI_CINIT_Base               
00006280  __TI_CINIT_Limit              
0000625c  __TI_Handler_Table_Base       
00006268  __TI_Handler_Table_Limit      
00005ef5  __TI_auto_init_nobinit_nopinit
00005e2d  __TI_decompress_lzss          
000060df  __TI_decompress_none          
ffffffff  __TI_pprof_out_hndl           
ffffffff  __TI_prof_data_size           
ffffffff  __TI_prof_data_start          
00000000  __TI_static_base__            
000060af  __TI_zero_init_nomemset       
00005f39  __aeabi_d2uiz                 
000055bb  __aeabi_dadd                  
00005b39  __aeabi_dmul                  
000055b1  __aeabi_dsub                  
00005767  __aeabi_idiv0                 
00005767  __aeabi_ldiv0                 
00005d29  __aeabi_memcpy                
00005d29  __aeabi_memcpy4               
00005d29  __aeabi_memcpy8               
00006053  __aeabi_ui2d                  
00005f7d  __aeabi_uidiv                 
00005f7d  __aeabi_uidivmod              
ffffffff  __binit__                     
ffffffff  __c_args__                    
UNDEFED   __mpu_init                    
20001d30  __stack                       
00005fbd  _c_int00_noargs               
UNDEFED   _system_post_cinit            
00006123  _system_pre_init              
00006127  abort                         
00004a8f  attTime                       
ffffffff  binit                         
00000000  g_pfnVectors                  
00004a45  main                          
00005d29  memcpy                        


GLOBAL SYMBOLS: SORTED BY Symbol Address 

address   name                          
-------   ----                          
00000000  __TI_static_base__            
00000000  g_pfnVectors                  
00000200  __STACK_SIZE                  
0000026c  BMPBestScore                  
00000b23  BMPHelp                       
000013da  BMPIntroduction               
00001c91  BMPPressEnterToPlay           
00002548  BMPMap                        
00002eb0  BMPPacMan_D                   
00002f3f  BMPPacMan_L                   
00002fce  BMPPacMan_R                   
0000305d  BMPPacMan_U                   
000030ec  C                             
00003177  E                             
00003202  EIGHT                         
0000328d  FIVE                          
00003318  FOUR                          
000033a3  I                             
0000342e  M                             
000034b9  NINE                          
00003544  O                             
000035cf  ONE                           
0000365a  R                             
000036e5  S                             
00003770  SEVEN                         
000037fb  SIX                           
00003886  T                             
00003911  THREE                         
0000399c  TWO                           
00003a27  TWOPOINTS                     
00003ab2  ZERO                          
00003c44  Masks                         
00003cc3  Nokia5110_Init                
00003ddd  Nokia5110_OutChar             
00003e1d  Nokia5110_OutString           
00003e49  Nokia5110_OutUDec             
0000404d  Nokia5110_SetCursor           
0000409d  Nokia5110_Clear               
000040cd  Nokia5110_DrawFullImage       
00004115  Nokia5110_PrintBMP            
000042f9  Nokia5110_ClearBuffer         
00004323  Nokia5110_DisplayBuffer       
0000432d  Nokia5110_ClearPixel          
00004353  Nokia5110_DrawPixel           
00004379  PLL_Init                      
000043ed  Nokia5110_OutDec              
000045b3  Nokia5110_OutCharInv          
00004645  Nokia5110_OutStringInv        
00004689  Nokia5110_OutSpecial          
000046d1  Nokia5110_DrawChar            
00004709  Nokia5110_DrawHLine           
00004763  Nokia5110_DrawVLine           
000047bd  Nokia5110_SetPixel            
000047f5  Nokia5110_ClearBitmap         
00004885  Nokia5110_ClearSquare         
0000491b  Nokia5110_ReadPixel           
0000494d  Nokia5110_DrawPacMan          
0000497f  Nokia5110_DrawSpecial         
000049b5  Nokia5110_DrawMix             
00004a2d  Nokia5110_Padding             
00004a45  main                          
00004a77  Timer0AIntHandler             
00004a8f  attTime                       
00004b27  Introduction                  
00004b95  Pause                         
00004bdf  Initialize                    
00004c89  InitializeGrid                
00004edd  Move                          
0000502d  DrawCharacter                 
0000505d  EraseCharacter                
00005089  CheckMovement                 
0000512d  EatFruit                      
00005349  ConvertSwitch                 
00005389  CheckEndGame                  
000053e5  EndGame                       
000055b1  __aeabi_dsub                  
000055bb  __aeabi_dadd                  
00005767  __aeabi_idiv0                 
00005767  __aeabi_ldiv0                 
00005769  ConfigureButtons              
000057b3  GetColumn                     
000057f9  GetButton                     
000058f5  GPIOPadConfigSet              
00005a29  SysCtlClockGet                
00005b39  __aeabi_dmul                  
00005c35  SysCtlClockSet                
00005d29  __aeabi_memcpy                
00005d29  __aeabi_memcpy4               
00005d29  __aeabi_memcpy8               
00005d29  memcpy                        
00005dc5  IntEnable                     
00005e2d  __TI_decompress_lzss          
00005e95  TimerConfigure                
00005ef5  __TI_auto_init_nobinit_nopinit
00005f39  __aeabi_d2uiz                 
00005f7d  __aeabi_uidiv                 
00005f7d  __aeabi_uidivmod              
00005fbd  _c_int00_noargs               
00005ff5  SysCtlPeripheralEnable        
00006029  GPIODirModeSet                
00006053  __aeabi_ui2d                  
00006073  GPIOPinTypeGPIOOutput         
0000608b  GPIOPinTypeGPIOInput          
0000609d  TimerLoadSet                  
000060af  __TI_zero_init_nomemset       
000060c1  IntMasterEnable               
000060d1  TimerEnable                   
000060df  __TI_decompress_none          
000060ed  CPUcpsie                      
000060f9  ResetISR                      
00006105  TimerIntEnable                
0000610d  GPIOPinRead                   
00006113  GPIOPinWrite                  
00006119  SysCtlDelay                   
0000611f  TimerIntClear                 
00006123  _system_pre_init              
00006127  C$$EXIT                       
00006127  abort                         
0000625c  __TI_Handler_Table_Base       
00006268  __TI_Handler_Table_Limit      
00006270  __TI_CINIT_Base               
00006280  __TI_CINIT_Limit              
20000000  Fruits                        
20000d74  Map                           
20001ae8  Numbers                       
20001b10  GamePaused                    
20001b14  Score                         
20001b18  BestScore                     
20001b1c  Time                          
20001b20  Screen                        
20001d18  PacMan                        
20001d30  __stack                       
20001f30  __STACK_END                   
20001f30  __STACK_TOP                   
ffffffff  __TI_pprof_out_hndl           
ffffffff  __TI_prof_data_size           
ffffffff  __TI_prof_data_start          
ffffffff  __binit__                     
ffffffff  __c_args__                    
ffffffff  binit                         
UNDEFED   __mpu_init                    
UNDEFED   _system_post_cinit            

[142 symbols]
