<?xml version="1.0" encoding="ISO-8859-1" ?>
<link_info>
   <banner>TI ARM Linker Unix v18.1.1.LTS</banner>
   <copyright>Copyright (c) 1996-2017 Texas Instruments Incorporated</copyright>
   <link_time>0x5b3adff3</link_time>
   <link_errors>0x0</link_errors>
   <output_file>PacMan.out</output_file>
   <entry_point>
      <name>_c_int00_noargs</name>
      <address>0x5fbd</address>
   </entry_point>
   <input_file_list>
      <input_file id="fl-1">
         <path>./</path>
         <kind>object</kind>
         <file>Buttons.obj</file>
         <name>Buttons.obj</name>
      </input_file>
      <input_file id="fl-2">
         <path>./</path>
         <kind>object</kind>
         <file>Graphics.obj</file>
         <name>Graphics.obj</name>
      </input_file>
      <input_file id="fl-3">
         <path>./</path>
         <kind>object</kind>
         <file>Nokia5110.obj</file>
         <name>Nokia5110.obj</name>
      </input_file>
      <input_file id="fl-4">
         <path>./</path>
         <kind>object</kind>
         <file>main.obj</file>
         <name>main.obj</name>
      </input_file>
      <input_file id="fl-5">
         <path>./</path>
         <kind>object</kind>
         <file>tm4c123gh6pm_startup_ccs.obj</file>
         <name>tm4c123gh6pm_startup_ccs.obj</name>
      </input_file>
      <input_file id="fl-a">
         <kind>object</kind>
         <file>&lt;internal&gt;</file>
         <name>&lt;internal&gt;</name>
      </input_file>
      <input_file id="fl-b">
         <path>/home/cliente/ti/SW-TM4C-2.1.4.178/driverlib/ccs/Debug/</path>
         <kind>archive</kind>
         <file>driverlib.lib</file>
         <name>gpio.obj</name>
      </input_file>
      <input_file id="fl-c">
         <path>/home/cliente/ti/SW-TM4C-2.1.4.178/driverlib/ccs/Debug/</path>
         <kind>archive</kind>
         <file>driverlib.lib</file>
         <name>interrupt.obj</name>
      </input_file>
      <input_file id="fl-d">
         <path>/home/cliente/ti/SW-TM4C-2.1.4.178/driverlib/ccs/Debug/</path>
         <kind>archive</kind>
         <file>driverlib.lib</file>
         <name>sysctl.obj</name>
      </input_file>
      <input_file id="fl-e">
         <path>/home/cliente/ti/SW-TM4C-2.1.4.178/driverlib/ccs/Debug/</path>
         <kind>archive</kind>
         <file>driverlib.lib</file>
         <name>timer.obj</name>
      </input_file>
      <input_file id="fl-f">
         <path>/home/cliente/ti/SW-TM4C-2.1.4.178/driverlib/ccs/Debug/</path>
         <kind>archive</kind>
         <file>driverlib.lib</file>
         <name>cpu.obj</name>
      </input_file>
      <input_file id="fl-c5">
         <path>/home/cliente/ti/ccsv8/tools/compiler/ti-cgt-arm_18.1.1.LTS/lib/</path>
         <kind>archive</kind>
         <file>rtsv7M4_T_le_v4SPD16_eabi.lib</file>
         <name>u_divt2.asm.obj</name>
      </input_file>
      <input_file id="fl-c6">
         <path>/home/cliente/ti/ccsv8/tools/compiler/ti-cgt-arm_18.1.1.LTS/lib/</path>
         <kind>archive</kind>
         <file>rtsv7M4_T_le_v4SPD16_eabi.lib</file>
         <name>fd_add_t2.asm.obj</name>
      </input_file>
      <input_file id="fl-c7">
         <path>/home/cliente/ti/ccsv8/tools/compiler/ti-cgt-arm_18.1.1.LTS/lib/</path>
         <kind>archive</kind>
         <file>rtsv7M4_T_le_v4SPD16_eabi.lib</file>
         <name>fd_mul_t2.asm.obj</name>
      </input_file>
      <input_file id="fl-c8">
         <path>/home/cliente/ti/ccsv8/tools/compiler/ti-cgt-arm_18.1.1.LTS/lib/</path>
         <kind>archive</kind>
         <file>rtsv7M4_T_le_v4SPD16_eabi.lib</file>
         <name>fd_tou_t2.asm.obj</name>
      </input_file>
      <input_file id="fl-c9">
         <path>/home/cliente/ti/ccsv8/tools/compiler/ti-cgt-arm_18.1.1.LTS/lib/</path>
         <kind>archive</kind>
         <file>rtsv7M4_T_le_v4SPD16_eabi.lib</file>
         <name>u_tofd_t2.asm.obj</name>
      </input_file>
      <input_file id="fl-ca">
         <path>/home/cliente/ti/ccsv8/tools/compiler/ti-cgt-arm_18.1.1.LTS/lib/</path>
         <kind>archive</kind>
         <file>rtsv7M4_T_le_v4SPD16_eabi.lib</file>
         <name>copy_zero_init.c.obj</name>
      </input_file>
      <input_file id="fl-cb">
         <path>/home/cliente/ti/ccsv8/tools/compiler/ti-cgt-arm_18.1.1.LTS/lib/</path>
         <kind>archive</kind>
         <file>rtsv7M4_T_le_v4SPD16_eabi.lib</file>
         <name>copy_decompress_none.c.obj</name>
      </input_file>
      <input_file id="fl-cc">
         <path>/home/cliente/ti/ccsv8/tools/compiler/ti-cgt-arm_18.1.1.LTS/lib/</path>
         <kind>archive</kind>
         <file>rtsv7M4_T_le_v4SPD16_eabi.lib</file>
         <name>copy_decompress_lzss.c.obj</name>
      </input_file>
      <input_file id="fl-cd">
         <path>/home/cliente/ti/ccsv8/tools/compiler/ti-cgt-arm_18.1.1.LTS/lib/</path>
         <kind>archive</kind>
         <file>rtsv7M4_T_le_v4SPD16_eabi.lib</file>
         <name>boot_cortex_m.c.obj</name>
      </input_file>
      <input_file id="fl-ce">
         <path>/home/cliente/ti/ccsv8/tools/compiler/ti-cgt-arm_18.1.1.LTS/lib/</path>
         <kind>archive</kind>
         <file>rtsv7M4_T_le_v4SPD16_eabi.lib</file>
         <name>exit.c.obj</name>
      </input_file>
      <input_file id="fl-cf">
         <path>/home/cliente/ti/ccsv8/tools/compiler/ti-cgt-arm_18.1.1.LTS/lib/</path>
         <kind>archive</kind>
         <file>rtsv7M4_T_le_v4SPD16_eabi.lib</file>
         <name>_lock.c.obj</name>
      </input_file>
      <input_file id="fl-d0">
         <path>/home/cliente/ti/ccsv8/tools/compiler/ti-cgt-arm_18.1.1.LTS/lib/</path>
         <kind>archive</kind>
         <file>rtsv7M4_T_le_v4SPD16_eabi.lib</file>
         <name>args_main.c.obj</name>
      </input_file>
      <input_file id="fl-d1">
         <path>/home/cliente/ti/ccsv8/tools/compiler/ti-cgt-arm_18.1.1.LTS/lib/</path>
         <kind>archive</kind>
         <file>rtsv7M4_T_le_v4SPD16_eabi.lib</file>
         <name>div0.asm.obj</name>
      </input_file>
      <input_file id="fl-d2">
         <path>/home/cliente/ti/ccsv8/tools/compiler/ti-cgt-arm_18.1.1.LTS/lib/</path>
         <kind>archive</kind>
         <file>rtsv7M4_T_le_v4SPD16_eabi.lib</file>
         <name>memcpy_t2.asm.obj</name>
      </input_file>
      <input_file id="fl-d3">
         <path>/home/cliente/ti/ccsv8/tools/compiler/ti-cgt-arm_18.1.1.LTS/lib/</path>
         <kind>archive</kind>
         <file>rtsv7M4_T_le_v4SPD16_eabi.lib</file>
         <name>memset_t2.asm.obj</name>
      </input_file>
      <input_file id="fl-d4">
         <path>/home/cliente/ti/ccsv8/tools/compiler/ti-cgt-arm_18.1.1.LTS/lib/</path>
         <kind>archive</kind>
         <file>rtsv7M4_T_le_v4SPD16_eabi.lib</file>
         <name>autoinit.c.obj</name>
      </input_file>
      <input_file id="fl-d5">
         <path>/home/cliente/ti/ccsv8/tools/compiler/ti-cgt-arm_18.1.1.LTS/lib/</path>
         <kind>archive</kind>
         <file>rtsv7M4_T_le_v4SPD16_eabi.lib</file>
         <name>pre_init.c.obj</name>
      </input_file>
      <input_file id="fl-d6">
         <path>/home/cliente/ti/ccsv8/tools/compiler/ti-cgt-arm_18.1.1.LTS/lib/</path>
         <kind>archive</kind>
         <file>rtsv7M4_T_le_v4SPD16_eabi.lib</file>
         <name>cpy_tbl.c.obj</name>
      </input_file>
   </input_file_list>
   <object_component_list>
      <object_component id="oc-f">
         <name>.intvecs</name>
         <load_address>0x0</load_address>
         <run_address>0x0</run_address>
         <size>0x26c</size>
         <input_file_ref idref="fl-5"/>
      </object_component>
      <object_component id="oc-77">
         <name>.text</name>
         <load_address>0x3c54</load_address>
         <run_address>0x3c54</run_address>
         <size>0xdf0</size>
         <input_file_ref idref="fl-3"/>
      </object_component>
      <object_component id="oc-2a">
         <name>.text</name>
         <load_address>0x4a44</load_address>
         <run_address>0x4a44</run_address>
         <size>0xb6c</size>
         <input_file_ref idref="fl-4"/>
      </object_component>
      <object_component id="oc-108">
         <name>.text</name>
         <load_address>0x55b0</load_address>
         <run_address>0x55b0</run_address>
         <size>0x1b6</size>
         <input_file_ref idref="fl-c6"/>
      </object_component>
      <object_component id="oc-17c">
         <name>.text</name>
         <load_address>0x5766</load_address>
         <run_address>0x5766</run_address>
         <size>0x2</size>
         <input_file_ref idref="fl-d1"/>
      </object_component>
      <object_component id="oc-8f">
         <name>.text</name>
         <load_address>0x5768</load_address>
         <run_address>0x5768</run_address>
         <size>0x18c</size>
         <input_file_ref idref="fl-1"/>
      </object_component>
      <object_component id="oc-188">
         <name>.text:GPIOPadConfigSet</name>
         <load_address>0x58f4</load_address>
         <run_address>0x58f4</run_address>
         <size>0x132</size>
         <input_file_ref idref="fl-b"/>
      </object_component>
      <object_component id="oc-7d">
         <name>.text:SysCtlClockGet</name>
         <load_address>0x5a28</load_address>
         <run_address>0x5a28</run_address>
         <size>0x110</size>
         <input_file_ref idref="fl-d"/>
      </object_component>
      <object_component id="oc-103">
         <name>.text</name>
         <load_address>0x5b38</load_address>
         <run_address>0x5b38</run_address>
         <size>0xfc</size>
         <input_file_ref idref="fl-c7"/>
      </object_component>
      <object_component id="oc-71">
         <name>.text:SysCtlClockSet</name>
         <load_address>0x5c34</load_address>
         <run_address>0x5c34</run_address>
         <size>0xf4</size>
         <input_file_ref idref="fl-d"/>
      </object_component>
      <object_component id="oc-3e">
         <name>.text</name>
         <load_address>0x5d28</load_address>
         <run_address>0x5d28</run_address>
         <size>0x9c</size>
         <input_file_ref idref="fl-d2"/>
      </object_component>
      <object_component id="oc-a7">
         <name>.text:IntEnable</name>
         <load_address>0x5dc4</load_address>
         <run_address>0x5dc4</run_address>
         <size>0x68</size>
         <input_file_ref idref="fl-c"/>
      </object_component>
      <object_component id="oc-12">
         <name>.text:decompress:lzss:__TI_decompress_lzss</name>
         <load_address>0x5e2c</load_address>
         <run_address>0x5e2c</run_address>
         <size>0x68</size>
         <input_file_ref idref="fl-cc"/>
      </object_component>
      <object_component id="oc-9b">
         <name>.text:TimerConfigure</name>
         <load_address>0x5e94</load_address>
         <run_address>0x5e94</run_address>
         <size>0x60</size>
         <input_file_ref idref="fl-e"/>
      </object_component>
      <object_component id="oc-22a">
         <name>.text:__TI_auto_init_nobinit_nopinit:__TI_auto_init_nobinit_nopinit</name>
         <load_address>0x5ef4</load_address>
         <run_address>0x5ef4</run_address>
         <size>0x44</size>
         <input_file_ref idref="fl-d4"/>
      </object_component>
      <object_component id="oc-10d">
         <name>.text</name>
         <load_address>0x5f38</load_address>
         <run_address>0x5f38</run_address>
         <size>0x44</size>
         <input_file_ref idref="fl-c8"/>
      </object_component>
      <object_component id="oc-8a">
         <name>.text</name>
         <load_address>0x5f7c</load_address>
         <run_address>0x5f7c</run_address>
         <size>0x40</size>
         <input_file_ref idref="fl-c5"/>
      </object_component>
      <object_component id="oc-5c">
         <name>.text:_c_int00_noargs:_c_int00_noargs</name>
         <load_address>0x5fbc</load_address>
         <run_address>0x5fbc</run_address>
         <size>0x38</size>
         <input_file_ref idref="fl-cd"/>
      </object_component>
      <object_component id="oc-95">
         <name>.text:SysCtlPeripheralEnable</name>
         <load_address>0x5ff4</load_address>
         <run_address>0x5ff4</run_address>
         <size>0x34</size>
         <input_file_ref idref="fl-d"/>
      </object_component>
      <object_component id="oc-274">
         <name>.text:GPIODirModeSet</name>
         <load_address>0x6028</load_address>
         <run_address>0x6028</run_address>
         <size>0x2a</size>
         <input_file_ref idref="fl-b"/>
      </object_component>
      <object_component id="oc-fe">
         <name>.text</name>
         <load_address>0x6052</load_address>
         <run_address>0x6052</run_address>
         <size>0x20</size>
         <input_file_ref idref="fl-c9"/>
      </object_component>
      <object_component id="oc-18e">
         <name>.text:GPIOPinTypeGPIOOutput</name>
         <load_address>0x6072</load_address>
         <run_address>0x6072</run_address>
         <size>0x18</size>
         <input_file_ref idref="fl-b"/>
      </object_component>
      <object_component id="oc-182">
         <name>.text:GPIOPinTypeGPIOInput</name>
         <load_address>0x608a</load_address>
         <run_address>0x608a</run_address>
         <size>0x12</size>
         <input_file_ref idref="fl-b"/>
      </object_component>
      <object_component id="oc-a1">
         <name>.text:TimerLoadSet</name>
         <load_address>0x609c</load_address>
         <run_address>0x609c</run_address>
         <size>0x12</size>
         <input_file_ref idref="fl-e"/>
      </object_component>
      <object_component id="oc-4a">
         <name>.text:decompress:ZI:__TI_zero_init_nomemset:__TI_zero_init_nomemset</name>
         <load_address>0x60ae</load_address>
         <run_address>0x60ae</run_address>
         <size>0x12</size>
         <input_file_ref idref="fl-ca"/>
      </object_component>
      <object_component id="oc-b3">
         <name>.text:IntMasterEnable</name>
         <load_address>0x60c0</load_address>
         <run_address>0x60c0</run_address>
         <size>0x10</size>
         <input_file_ref idref="fl-c"/>
      </object_component>
      <object_component id="oc-b9">
         <name>.text:TimerEnable</name>
         <load_address>0x60d0</load_address>
         <run_address>0x60d0</run_address>
         <size>0xe</size>
         <input_file_ref idref="fl-e"/>
      </object_component>
      <object_component id="oc-18">
         <name>.text:decompress:none:__TI_decompress_none</name>
         <load_address>0x60de</load_address>
         <run_address>0x60de</run_address>
         <size>0xe</size>
         <input_file_ref idref="fl-cb"/>
      </object_component>
      <object_component id="oc-1aa">
         <name>.text:CPUcpsie</name>
         <load_address>0x60ec</load_address>
         <run_address>0x60ec</run_address>
         <size>0xc</size>
         <input_file_ref idref="fl-f"/>
      </object_component>
      <object_component id="oc-24">
         <name>.text</name>
         <load_address>0x60f8</load_address>
         <run_address>0x60f8</run_address>
         <size>0xc</size>
         <input_file_ref idref="fl-5"/>
      </object_component>
      <object_component id="oc-ad">
         <name>.text:TimerIntEnable</name>
         <load_address>0x6104</load_address>
         <run_address>0x6104</run_address>
         <size>0x8</size>
         <input_file_ref idref="fl-e"/>
      </object_component>
      <object_component id="oc-194">
         <name>.text:GPIOPinRead</name>
         <load_address>0x610c</load_address>
         <run_address>0x610c</run_address>
         <size>0x6</size>
         <input_file_ref idref="fl-b"/>
      </object_component>
      <object_component id="oc-19a">
         <name>.text:GPIOPinWrite</name>
         <load_address>0x6112</load_address>
         <run_address>0x6112</run_address>
         <size>0x6</size>
         <input_file_ref idref="fl-b"/>
      </object_component>
      <object_component id="oc-83">
         <name>.text:SysCtlDelay</name>
         <load_address>0x6118</load_address>
         <run_address>0x6118</run_address>
         <size>0x6</size>
         <input_file_ref idref="fl-d"/>
      </object_component>
      <object_component id="oc-84">
         <name>.text:TimerIntClear</name>
         <load_address>0x611e</load_address>
         <run_address>0x611e</run_address>
         <size>0x4</size>
         <input_file_ref idref="fl-e"/>
      </object_component>
      <object_component id="oc-145">
         <name>.text:_system_pre_init</name>
         <load_address>0x6122</load_address>
         <run_address>0x6122</run_address>
         <size>0x4</size>
         <input_file_ref idref="fl-d5"/>
      </object_component>
      <object_component id="oc-21e">
         <name>.text:abort:abort</name>
         <load_address>0x6126</load_address>
         <run_address>0x6126</run_address>
         <size>0x4</size>
         <input_file_ref idref="fl-ce"/>
      </object_component>
      <object_component id="oc-115">
         <name>.const:.string:BMPBestScore</name>
         <load_address>0x26c</load_address>
         <run_address>0x26c</run_address>
         <size>0x8b7</size>
         <input_file_ref idref="fl-4"/>
      </object_component>
      <object_component id="oc-cb">
         <name>.const:.string:BMPHelp</name>
         <load_address>0xb23</load_address>
         <run_address>0xb23</run_address>
         <size>0x8b7</size>
         <input_file_ref idref="fl-4"/>
      </object_component>
      <object_component id="oc-c2">
         <name>.const:.string:BMPIntroduction</name>
         <load_address>0x13da</load_address>
         <run_address>0x13da</run_address>
         <size>0x8b7</size>
         <input_file_ref idref="fl-4"/>
      </object_component>
      <object_component id="oc-c8">
         <name>.const:.string:BMPPressEnterToPlay</name>
         <load_address>0x1c91</load_address>
         <run_address>0x1c91</run_address>
         <size>0x8b7</size>
         <input_file_ref idref="fl-4"/>
      </object_component>
      <object_component id="oc-dd">
         <name>.const:.string:BMPMap</name>
         <load_address>0x2548</load_address>
         <run_address>0x2548</run_address>
         <size>0x783</size>
         <input_file_ref idref="fl-4"/>
      </object_component>
      <object_component id="oc-15e">
         <name>.const:ASCII</name>
         <load_address>0x2ccb</load_address>
         <run_address>0x2ccb</run_address>
         <size>0x1e5</size>
         <input_file_ref idref="fl-3"/>
      </object_component>
      <object_component id="oc-da">
         <name>.const:.string:BMPPacMan_D</name>
         <load_address>0x2eb0</load_address>
         <run_address>0x2eb0</run_address>
         <size>0x8f</size>
         <input_file_ref idref="fl-4"/>
      </object_component>
      <object_component id="oc-d4">
         <name>.const:.string:BMPPacMan_L</name>
         <load_address>0x2f3f</load_address>
         <run_address>0x2f3f</run_address>
         <size>0x8f</size>
         <input_file_ref idref="fl-4"/>
      </object_component>
      <object_component id="oc-d1">
         <name>.const:.string:BMPPacMan_R</name>
         <load_address>0x2fce</load_address>
         <run_address>0x2fce</run_address>
         <size>0x8f</size>
         <input_file_ref idref="fl-4"/>
      </object_component>
      <object_component id="oc-d7">
         <name>.const:.string:BMPPacMan_U</name>
         <load_address>0x305d</load_address>
         <run_address>0x305d</run_address>
         <size>0x8f</size>
         <input_file_ref idref="fl-4"/>
      </object_component>
      <object_component id="oc-f5">
         <name>.const:.string:C</name>
         <load_address>0x30ec</load_address>
         <run_address>0x30ec</run_address>
         <size>0x8b</size>
         <input_file_ref idref="fl-4"/>
      </object_component>
      <object_component id="oc-ec">
         <name>.const:.string:E</name>
         <load_address>0x3177</load_address>
         <run_address>0x3177</run_address>
         <size>0x8b</size>
         <input_file_ref idref="fl-4"/>
      </object_component>
      <object_component id="oc-1ce">
         <name>.const:.string:EIGHT</name>
         <load_address>0x3202</load_address>
         <run_address>0x3202</run_address>
         <size>0x8b</size>
         <input_file_ref idref="fl-4"/>
      </object_component>
      <object_component id="oc-1c5">
         <name>.const:.string:FIVE</name>
         <load_address>0x328d</load_address>
         <run_address>0x328d</run_address>
         <size>0x8b</size>
         <input_file_ref idref="fl-4"/>
      </object_component>
      <object_component id="oc-1c2">
         <name>.const:.string:FOUR</name>
         <load_address>0x3318</load_address>
         <run_address>0x3318</run_address>
         <size>0x8b</size>
         <input_file_ref idref="fl-4"/>
      </object_component>
      <object_component id="oc-e6">
         <name>.const:.string:I</name>
         <load_address>0x33a3</load_address>
         <run_address>0x33a3</run_address>
         <size>0x8b</size>
         <input_file_ref idref="fl-4"/>
      </object_component>
      <object_component id="oc-e9">
         <name>.const:.string:M</name>
         <load_address>0x342e</load_address>
         <run_address>0x342e</run_address>
         <size>0x8b</size>
         <input_file_ref idref="fl-4"/>
      </object_component>
      <object_component id="oc-1d1">
         <name>.const:.string:NINE</name>
         <load_address>0x34b9</load_address>
         <run_address>0x34b9</run_address>
         <size>0x8b</size>
         <input_file_ref idref="fl-4"/>
      </object_component>
      <object_component id="oc-f8">
         <name>.const:.string:O</name>
         <load_address>0x3544</load_address>
         <run_address>0x3544</run_address>
         <size>0x8b</size>
         <input_file_ref idref="fl-4"/>
      </object_component>
      <object_component id="oc-1b9">
         <name>.const:.string:ONE</name>
         <load_address>0x35cf</load_address>
         <run_address>0x35cf</run_address>
         <size>0x8b</size>
         <input_file_ref idref="fl-4"/>
      </object_component>
      <object_component id="oc-fb">
         <name>.const:.string:R</name>
         <load_address>0x365a</load_address>
         <run_address>0x365a</run_address>
         <size>0x8b</size>
         <input_file_ref idref="fl-4"/>
      </object_component>
      <object_component id="oc-f2">
         <name>.const:.string:S</name>
         <load_address>0x36e5</load_address>
         <run_address>0x36e5</run_address>
         <size>0x8b</size>
         <input_file_ref idref="fl-4"/>
      </object_component>
      <object_component id="oc-1cb">
         <name>.const:.string:SEVEN</name>
         <load_address>0x3770</load_address>
         <run_address>0x3770</run_address>
         <size>0x8b</size>
         <input_file_ref idref="fl-4"/>
      </object_component>
      <object_component id="oc-1c8">
         <name>.const:.string:SIX</name>
         <load_address>0x37fb</load_address>
         <run_address>0x37fb</run_address>
         <size>0x8b</size>
         <input_file_ref idref="fl-4"/>
      </object_component>
      <object_component id="oc-e3">
         <name>.const:.string:T</name>
         <load_address>0x3886</load_address>
         <run_address>0x3886</run_address>
         <size>0x8b</size>
         <input_file_ref idref="fl-4"/>
      </object_component>
      <object_component id="oc-1bf">
         <name>.const:.string:THREE</name>
         <load_address>0x3911</load_address>
         <run_address>0x3911</run_address>
         <size>0x8b</size>
         <input_file_ref idref="fl-4"/>
      </object_component>
      <object_component id="oc-1bc">
         <name>.const:.string:TWO</name>
         <load_address>0x399c</load_address>
         <run_address>0x399c</run_address>
         <size>0x8b</size>
         <input_file_ref idref="fl-4"/>
      </object_component>
      <object_component id="oc-ef">
         <name>.const:.string:TWOPOINTS</name>
         <load_address>0x3a27</load_address>
         <run_address>0x3a27</run_address>
         <size>0x8b</size>
         <input_file_ref idref="fl-4"/>
      </object_component>
      <object_component id="oc-1b6">
         <name>.const:.string:ZERO</name>
         <load_address>0x3ab2</load_address>
         <run_address>0x3ab2</run_address>
         <size>0x8b</size>
         <input_file_ref idref="fl-4"/>
      </object_component>
      <object_component id="oc-1a4">
         <name>.const</name>
         <load_address>0x3b40</load_address>
         <run_address>0x3b40</run_address>
         <size>0x70</size>
         <input_file_ref idref="fl-c"/>
      </object_component>
      <object_component id="oc-176">
         <name>.const:g_pui32Xtals</name>
         <load_address>0x3bb0</load_address>
         <run_address>0x3bb0</run_address>
         <size>0x6c</size>
         <input_file_ref idref="fl-d"/>
      </object_component>
      <object_component id="oc-16a">
         <name>.const:PAC_MAN</name>
         <load_address>0x3c1c</load_address>
         <run_address>0x3c1c</run_address>
         <size>0x1c</size>
         <input_file_ref idref="fl-3"/>
      </object_component>
      <object_component id="oc-16d">
         <name>.const:MIX_SIMBOLS</name>
         <load_address>0x3c38</load_address>
         <run_address>0x3c38</run_address>
         <size>0xc</size>
         <input_file_ref idref="fl-3"/>
      </object_component>
      <object_component id="oc-164">
         <name>.const:.string:Masks</name>
         <load_address>0x3c44</load_address>
         <run_address>0x3c44</run_address>
         <size>0x8</size>
         <input_file_ref idref="fl-3"/>
      </object_component>
      <object_component id="oc-167">
         <name>.const:SPECIAL_SIMBOLS</name>
         <load_address>0x3c4c</load_address>
         <run_address>0x3c4c</run_address>
         <size>0x5</size>
         <input_file_ref idref="fl-3"/>
      </object_component>
      <object_component id="oc-319">
         <name>.cinit..data.load</name>
         <load_address>0x6130</load_address>
         <run_address>0x6130</run_address>
         <size>0x12c</size>
      </object_component>
      <object_component id="oc-317">
         <name>__TI_handler_table</name>
         <load_address>0x625c</load_address>
         <run_address>0x625c</run_address>
         <size>0xc</size>
      </object_component>
      <object_component id="oc-31a">
         <name>.cinit..bss.load</name>
         <load_address>0x6268</load_address>
         <run_address>0x6268</run_address>
         <size>0x8</size>
      </object_component>
      <object_component id="oc-318">
         <name>__TI_cinit_table</name>
         <load_address>0x6270</load_address>
         <run_address>0x6270</run_address>
         <size>0x10</size>
      </object_component>
      <object_component id="oc-112">
         <name>.data:Map</name>
         <load_address>0x20000d74</load_address>
         <run_address>0x20000d74</run_address>
         <size>0xd74</size>
         <input_file_ref idref="fl-2"/>
      </object_component>
      <object_component id="oc-e0">
         <name>.data:Fruits</name>
         <load_address>0x20000000</load_address>
         <run_address>0x20000000</run_address>
         <size>0xd74</size>
         <input_file_ref idref="fl-2"/>
      </object_component>
      <object_component id="oc-c5">
         <name>.data:Numbers</name>
         <load_address>0x20001ae8</load_address>
         <run_address>0x20001ae8</run_address>
         <size>0x28</size>
         <input_file_ref idref="fl-4"/>
      </object_component>
      <object_component id="oc-bf">
         <name>.data</name>
         <load_address>0x20001b10</load_address>
         <run_address>0x20001b10</run_address>
         <size>0x10</size>
         <input_file_ref idref="fl-4"/>
      </object_component>
      <object_component id="oc-161">
         <name>.common:Screen</name>
         <uninitialized>true</uninitialized>
         <run_address>0x20001b20</run_address>
         <size>0x1f8</size>
      </object_component>
      <object_component id="oc-ce">
         <name>.common:PacMan</name>
         <uninitialized>true</uninitialized>
         <run_address>0x20001d18</run_address>
         <size>0x18</size>
      </object_component>
      <object_component id="oc-21">
         <name>.stack</name>
         <uninitialized>true</uninitialized>
         <run_address>0x20001d30</run_address>
         <size>0x4</size>
         <input_file_ref idref="fl-cd"/>
      </object_component>
      <object_component id="oc-31b">
         <name>.stack</name>
         <uninitialized>true</uninitialized>
         <run_address>0x20001d30</run_address>
         <size>0x0</size>
      </object_component>
      <object_component id="oc-20d">
         <name>.debug_info</name>
         <load_address>0x0</load_address>
         <run_address>0x0</run_address>
         <size>0x432</size>
         <input_file_ref idref="fl-1"/>
      </object_component>
      <object_component id="oc-90">
         <name>.debug_info</name>
         <load_address>0x432</load_address>
         <run_address>0x432</run_address>
         <size>0x3db</size>
         <input_file_ref idref="fl-1"/>
      </object_component>
      <object_component id="oc-125">
         <name>.debug_info</name>
         <load_address>0x80d</load_address>
         <run_address>0x80d</run_address>
         <size>0x26b</size>
         <input_file_ref idref="fl-1"/>
      </object_component>
      <object_component id="oc-39">
         <name>.debug_info</name>
         <load_address>0xa78</load_address>
         <run_address>0xa78</run_address>
         <size>0x84</size>
         <input_file_ref idref="fl-1"/>
      </object_component>
      <object_component id="oc-208">
         <name>.debug_info</name>
         <load_address>0xafc</load_address>
         <run_address>0xafc</run_address>
         <size>0x297</size>
         <input_file_ref idref="fl-1"/>
      </object_component>
      <object_component id="oc-11e">
         <name>.debug_info</name>
         <load_address>0xd93</load_address>
         <run_address>0xd93</run_address>
         <size>0xbb</size>
         <input_file_ref idref="fl-1"/>
      </object_component>
      <object_component id="oc-1ed">
         <name>.debug_info</name>
         <load_address>0xe4e</load_address>
         <run_address>0xe4e</run_address>
         <size>0x101</size>
         <input_file_ref idref="fl-2"/>
      </object_component>
      <object_component id="oc-113">
         <name>.debug_info</name>
         <load_address>0xf4f</load_address>
         <run_address>0xf4f</run_address>
         <size>0xe7</size>
         <input_file_ref idref="fl-2"/>
      </object_component>
      <object_component id="oc-e1">
         <name>.debug_info</name>
         <load_address>0x1036</load_address>
         <run_address>0x1036</run_address>
         <size>0xed</size>
         <input_file_ref idref="fl-2"/>
      </object_component>
      <object_component id="oc-162">
         <name>.debug_info</name>
         <load_address>0x1123</load_address>
         <run_address>0x1123</run_address>
         <size>0x33e</size>
         <input_file_ref idref="fl-3"/>
      </object_component>
      <object_component id="oc-15f">
         <name>.debug_info</name>
         <load_address>0x1461</load_address>
         <run_address>0x1461</run_address>
         <size>0xeb</size>
         <input_file_ref idref="fl-3"/>
      </object_component>
      <object_component id="oc-168">
         <name>.debug_info</name>
         <load_address>0x154c</load_address>
         <run_address>0x154c</run_address>
         <size>0xff</size>
         <input_file_ref idref="fl-3"/>
      </object_component>
      <object_component id="oc-16e">
         <name>.debug_info</name>
         <load_address>0x164b</load_address>
         <run_address>0x164b</run_address>
         <size>0xf7</size>
         <input_file_ref idref="fl-3"/>
      </object_component>
      <object_component id="oc-16b">
         <name>.debug_info</name>
         <load_address>0x1742</load_address>
         <run_address>0x1742</run_address>
         <size>0xef</size>
         <input_file_ref idref="fl-3"/>
      </object_component>
      <object_component id="oc-165">
         <name>.debug_info</name>
         <load_address>0x1831</load_address>
         <run_address>0x1831</run_address>
         <size>0xec</size>
         <input_file_ref idref="fl-3"/>
      </object_component>
      <object_component id="oc-78">
         <name>.debug_info</name>
         <load_address>0x191d</load_address>
         <run_address>0x191d</run_address>
         <size>0x19bf</size>
         <input_file_ref idref="fl-3"/>
      </object_component>
      <object_component id="oc-119">
         <name>.debug_info</name>
         <load_address>0x32dc</load_address>
         <run_address>0x32dc</run_address>
         <size>0x8b</size>
         <input_file_ref idref="fl-3"/>
      </object_component>
      <object_component id="oc-171">
         <name>.debug_info</name>
         <load_address>0x3367</load_address>
         <run_address>0x3367</run_address>
         <size>0x3f</size>
         <input_file_ref idref="fl-3"/>
      </object_component>
      <object_component id="oc-cf">
         <name>.debug_info</name>
         <load_address>0x33a6</load_address>
         <run_address>0x33a6</run_address>
         <size>0x7a5</size>
         <input_file_ref idref="fl-4"/>
      </object_component>
      <object_component id="oc-d2">
         <name>.debug_info</name>
         <load_address>0x3b4b</load_address>
         <run_address>0x3b4b</run_address>
         <size>0xf3</size>
         <input_file_ref idref="fl-4"/>
      </object_component>
      <object_component id="oc-d5">
         <name>.debug_info</name>
         <load_address>0x3c3e</load_address>
         <run_address>0x3c3e</run_address>
         <size>0xf3</size>
         <input_file_ref idref="fl-4"/>
      </object_component>
      <object_component id="oc-d8">
         <name>.debug_info</name>
         <load_address>0x3d31</load_address>
         <run_address>0x3d31</run_address>
         <size>0xf3</size>
         <input_file_ref idref="fl-4"/>
      </object_component>
      <object_component id="oc-db">
         <name>.debug_info</name>
         <load_address>0x3e24</load_address>
         <run_address>0x3e24</run_address>
         <size>0xf3</size>
         <input_file_ref idref="fl-4"/>
      </object_component>
      <object_component id="oc-de">
         <name>.debug_info</name>
         <load_address>0x3f17</load_address>
         <run_address>0x3f17</run_address>
         <size>0xe9</size>
         <input_file_ref idref="fl-4"/>
      </object_component>
      <object_component id="oc-f6">
         <name>.debug_info</name>
         <load_address>0x4000</load_address>
         <run_address>0x4000</run_address>
         <size>0xdf</size>
         <input_file_ref idref="fl-4"/>
      </object_component>
      <object_component id="oc-ed">
         <name>.debug_info</name>
         <load_address>0x40df</load_address>
         <run_address>0x40df</run_address>
         <size>0xdf</size>
         <input_file_ref idref="fl-4"/>
      </object_component>
      <object_component id="oc-e7">
         <name>.debug_info</name>
         <load_address>0x41be</load_address>
         <run_address>0x41be</run_address>
         <size>0xdf</size>
         <input_file_ref idref="fl-4"/>
      </object_component>
      <object_component id="oc-ea">
         <name>.debug_info</name>
         <load_address>0x429d</load_address>
         <run_address>0x429d</run_address>
         <size>0xdf</size>
         <input_file_ref idref="fl-4"/>
      </object_component>
      <object_component id="oc-f9">
         <name>.debug_info</name>
         <load_address>0x437c</load_address>
         <run_address>0x437c</run_address>
         <size>0xdf</size>
         <input_file_ref idref="fl-4"/>
      </object_component>
      <object_component id="oc-fc">
         <name>.debug_info</name>
         <load_address>0x445b</load_address>
         <run_address>0x445b</run_address>
         <size>0xdf</size>
         <input_file_ref idref="fl-4"/>
      </object_component>
      <object_component id="oc-f3">
         <name>.debug_info</name>
         <load_address>0x453a</load_address>
         <run_address>0x453a</run_address>
         <size>0xdf</size>
         <input_file_ref idref="fl-4"/>
      </object_component>
      <object_component id="oc-e4">
         <name>.debug_info</name>
         <load_address>0x4619</load_address>
         <run_address>0x4619</run_address>
         <size>0xdf</size>
         <input_file_ref idref="fl-4"/>
      </object_component>
      <object_component id="oc-f0">
         <name>.debug_info</name>
         <load_address>0x46f8</load_address>
         <run_address>0x46f8</run_address>
         <size>0xef</size>
         <input_file_ref idref="fl-4"/>
      </object_component>
      <object_component id="oc-1b7">
         <name>.debug_info</name>
         <load_address>0x47e7</load_address>
         <run_address>0x47e7</run_address>
         <size>0xe5</size>
         <input_file_ref idref="fl-4"/>
      </object_component>
      <object_component id="oc-1ba">
         <name>.debug_info</name>
         <load_address>0x48cc</load_address>
         <run_address>0x48cc</run_address>
         <size>0xe3</size>
         <input_file_ref idref="fl-4"/>
      </object_component>
      <object_component id="oc-1bd">
         <name>.debug_info</name>
         <load_address>0x49af</load_address>
         <run_address>0x49af</run_address>
         <size>0xe3</size>
         <input_file_ref idref="fl-4"/>
      </object_component>
      <object_component id="oc-1c0">
         <name>.debug_info</name>
         <load_address>0x4a92</load_address>
         <run_address>0x4a92</run_address>
         <size>0xe7</size>
         <input_file_ref idref="fl-4"/>
      </object_component>
      <object_component id="oc-1c3">
         <name>.debug_info</name>
         <load_address>0x4b79</load_address>
         <run_address>0x4b79</run_address>
         <size>0xe5</size>
         <input_file_ref idref="fl-4"/>
      </object_component>
      <object_component id="oc-1c6">
         <name>.debug_info</name>
         <load_address>0x4c5e</load_address>
         <run_address>0x4c5e</run_address>
         <size>0xe6</size>
         <input_file_ref idref="fl-4"/>
      </object_component>
      <object_component id="oc-1c9">
         <name>.debug_info</name>
         <load_address>0x4d44</load_address>
         <run_address>0x4d44</run_address>
         <size>0xe4</size>
         <input_file_ref idref="fl-4"/>
      </object_component>
      <object_component id="oc-1cc">
         <name>.debug_info</name>
         <load_address>0x4e28</load_address>
         <run_address>0x4e28</run_address>
         <size>0xe8</size>
         <input_file_ref idref="fl-4"/>
      </object_component>
      <object_component id="oc-1cf">
         <name>.debug_info</name>
         <load_address>0x4f10</load_address>
         <run_address>0x4f10</run_address>
         <size>0xe8</size>
         <input_file_ref idref="fl-4"/>
      </object_component>
      <object_component id="oc-1d2">
         <name>.debug_info</name>
         <load_address>0x4ff8</load_address>
         <run_address>0x4ff8</run_address>
         <size>0xe6</size>
         <input_file_ref idref="fl-4"/>
      </object_component>
      <object_component id="oc-c3">
         <name>.debug_info</name>
         <load_address>0x50de</load_address>
         <run_address>0x50de</run_address>
         <size>0xfc</size>
         <input_file_ref idref="fl-4"/>
      </object_component>
      <object_component id="oc-c9">
         <name>.debug_info</name>
         <load_address>0x51da</load_address>
         <run_address>0x51da</run_address>
         <size>0x104</size>
         <input_file_ref idref="fl-4"/>
      </object_component>
      <object_component id="oc-cc">
         <name>.debug_info</name>
         <load_address>0x52de</load_address>
         <run_address>0x52de</run_address>
         <size>0xec</size>
         <input_file_ref idref="fl-4"/>
      </object_component>
      <object_component id="oc-116">
         <name>.debug_info</name>
         <load_address>0x53ca</load_address>
         <run_address>0x53ca</run_address>
         <size>0xf6</size>
         <input_file_ref idref="fl-4"/>
      </object_component>
      <object_component id="oc-c6">
         <name>.debug_info</name>
         <load_address>0x54c0</load_address>
         <run_address>0x54c0</run_address>
         <size>0xeb</size>
         <input_file_ref idref="fl-4"/>
      </object_component>
      <object_component id="oc-c0">
         <name>.debug_info</name>
         <load_address>0x55ab</load_address>
         <run_address>0x55ab</run_address>
         <size>0x148</size>
         <input_file_ref idref="fl-4"/>
      </object_component>
      <object_component id="oc-2b">
         <name>.debug_info</name>
         <load_address>0x56f3</load_address>
         <run_address>0x56f3</run_address>
         <size>0x10e8</size>
         <input_file_ref idref="fl-4"/>
      </object_component>
      <object_component id="oc-1dc">
         <name>.debug_info</name>
         <load_address>0x67db</load_address>
         <run_address>0x67db</run_address>
         <size>0x9e</size>
         <input_file_ref idref="fl-4"/>
      </object_component>
      <object_component id="oc-32">
         <name>.debug_info</name>
         <load_address>0x6879</load_address>
         <run_address>0x6879</run_address>
         <size>0x2f8</size>
         <input_file_ref idref="fl-5"/>
      </object_component>
      <object_component id="oc-10">
         <name>.debug_info</name>
         <load_address>0x6b71</load_address>
         <run_address>0x6b71</run_address>
         <size>0x109</size>
         <input_file_ref idref="fl-5"/>
      </object_component>
      <object_component id="oc-25">
         <name>.debug_info</name>
         <load_address>0x6c7a</load_address>
         <run_address>0x6c7a</run_address>
         <size>0x285</size>
         <input_file_ref idref="fl-5"/>
      </object_component>
      <object_component id="oc-27c">
         <name>.debug_info</name>
         <load_address>0x6eff</load_address>
         <run_address>0x6eff</run_address>
         <size>0x240</size>
         <input_file_ref idref="fl-b"/>
      </object_component>
      <object_component id="oc-19b">
         <name>.debug_info</name>
         <load_address>0x713f</load_address>
         <run_address>0x713f</run_address>
         <size>0x2a3</size>
         <input_file_ref idref="fl-b"/>
      </object_component>
      <object_component id="oc-275">
         <name>.debug_info</name>
         <load_address>0x73e2</load_address>
         <run_address>0x73e2</run_address>
         <size>0x2b3</size>
         <input_file_ref idref="fl-b"/>
      </object_component>
      <object_component id="oc-189">
         <name>.debug_info</name>
         <load_address>0x7695</load_address>
         <run_address>0x7695</run_address>
         <size>0x316</size>
         <input_file_ref idref="fl-b"/>
      </object_component>
      <object_component id="oc-18f">
         <name>.debug_info</name>
         <load_address>0x79ab</load_address>
         <run_address>0x79ab</run_address>
         <size>0x2b7</size>
         <input_file_ref idref="fl-b"/>
      </object_component>
      <object_component id="oc-183">
         <name>.debug_info</name>
         <load_address>0x7c62</load_address>
         <run_address>0x7c62</run_address>
         <size>0x285</size>
         <input_file_ref idref="fl-b"/>
      </object_component>
      <object_component id="oc-195">
         <name>.debug_info</name>
         <load_address>0x7ee7</load_address>
         <run_address>0x7ee7</run_address>
         <size>0x27b</size>
         <input_file_ref idref="fl-b"/>
      </object_component>
      <object_component id="oc-158">
         <name>.debug_info</name>
         <load_address>0x8162</load_address>
         <run_address>0x8162</run_address>
         <size>0x18b</size>
         <input_file_ref idref="fl-b"/>
      </object_component>
      <object_component id="oc-1a8">
         <name>.debug_info</name>
         <load_address>0x82ed</load_address>
         <run_address>0x82ed</run_address>
         <size>0x20e</size>
         <input_file_ref idref="fl-c"/>
      </object_component>
      <object_component id="oc-1a5">
         <name>.debug_info</name>
         <load_address>0x84fb</load_address>
         <run_address>0x84fb</run_address>
         <size>0x210</size>
         <input_file_ref idref="fl-c"/>
      </object_component>
      <object_component id="oc-b6">
         <name>.debug_info</name>
         <load_address>0x870b</load_address>
         <run_address>0x870b</run_address>
         <size>0x23e</size>
         <input_file_ref idref="fl-c"/>
      </object_component>
      <object_component id="oc-ab">
         <name>.debug_info</name>
         <load_address>0x8949</load_address>
         <run_address>0x8949</run_address>
         <size>0x268</size>
         <input_file_ref idref="fl-c"/>
      </object_component>
      <object_component id="oc-15d">
         <name>.debug_info</name>
         <load_address>0x8bb1</load_address>
         <run_address>0x8bb1</run_address>
         <size>0x298</size>
         <input_file_ref idref="fl-d"/>
      </object_component>
      <object_component id="oc-177">
         <name>.debug_info</name>
         <load_address>0x8e49</load_address>
         <run_address>0x8e49</run_address>
         <size>0x14d</size>
         <input_file_ref idref="fl-d"/>
      </object_component>
      <object_component id="oc-96">
         <name>.debug_info</name>
         <load_address>0x8f96</load_address>
         <run_address>0x8f96</run_address>
         <size>0x27d</size>
         <input_file_ref idref="fl-d"/>
      </object_component>
      <object_component id="oc-72">
         <name>.debug_info</name>
         <load_address>0x9213</load_address>
         <run_address>0x9213</run_address>
         <size>0x2db</size>
         <input_file_ref idref="fl-d"/>
      </object_component>
      <object_component id="oc-7e">
         <name>.debug_info</name>
         <load_address>0x94ee</load_address>
         <run_address>0x94ee</run_address>
         <size>0x2b5</size>
         <input_file_ref idref="fl-d"/>
      </object_component>
      <object_component id="oc-25e">
         <name>.debug_info</name>
         <load_address>0x97a3</load_address>
         <run_address>0x97a3</run_address>
         <size>0x5f</size>
         <input_file_ref idref="fl-d"/>
      </object_component>
      <object_component id="oc-17b">
         <name>.debug_info</name>
         <load_address>0x9802</load_address>
         <run_address>0x9802</run_address>
         <size>0x223</size>
         <input_file_ref idref="fl-e"/>
      </object_component>
      <object_component id="oc-a2">
         <name>.debug_info</name>
         <load_address>0x9a25</load_address>
         <run_address>0x9a25</run_address>
         <size>0x2ba</size>
         <input_file_ref idref="fl-e"/>
      </object_component>
      <object_component id="oc-ae">
         <name>.debug_info</name>
         <load_address>0x9cdf</load_address>
         <run_address>0x9cdf</run_address>
         <size>0x294</size>
         <input_file_ref idref="fl-e"/>
      </object_component>
      <object_component id="oc-85">
         <name>.debug_info</name>
         <load_address>0x9f73</load_address>
         <run_address>0x9f73</run_address>
         <size>0x292</size>
         <input_file_ref idref="fl-e"/>
      </object_component>
      <object_component id="oc-ba">
         <name>.debug_info</name>
         <load_address>0xa205</load_address>
         <run_address>0xa205</run_address>
         <size>0x27f</size>
         <input_file_ref idref="fl-e"/>
      </object_component>
      <object_component id="oc-9c">
         <name>.debug_info</name>
         <load_address>0xa484</load_address>
         <run_address>0xa484</run_address>
         <size>0x28c</size>
         <input_file_ref idref="fl-e"/>
      </object_component>
      <object_component id="oc-1ab">
         <name>.debug_info</name>
         <load_address>0xa710</load_address>
         <run_address>0xa710</run_address>
         <size>0x212</size>
         <input_file_ref idref="fl-f"/>
      </object_component>
      <object_component id="oc-8b">
         <name>.debug_info</name>
         <load_address>0xa922</load_address>
         <run_address>0xa922</run_address>
         <size>0x13a</size>
         <input_file_ref idref="fl-c5"/>
      </object_component>
      <object_component id="oc-109">
         <name>.debug_info</name>
         <load_address>0xaa5c</load_address>
         <run_address>0xaa5c</run_address>
         <size>0x144</size>
         <input_file_ref idref="fl-c6"/>
      </object_component>
      <object_component id="oc-104">
         <name>.debug_info</name>
         <load_address>0xaba0</load_address>
         <run_address>0xaba0</run_address>
         <size>0x132</size>
         <input_file_ref idref="fl-c7"/>
      </object_component>
      <object_component id="oc-10e">
         <name>.debug_info</name>
         <load_address>0xacd2</load_address>
         <run_address>0xacd2</run_address>
         <size>0x131</size>
         <input_file_ref idref="fl-c8"/>
      </object_component>
      <object_component id="oc-ff">
         <name>.debug_info</name>
         <load_address>0xae03</load_address>
         <run_address>0xae03</run_address>
         <size>0x126</size>
         <input_file_ref idref="fl-c9"/>
      </object_component>
      <object_component id="oc-13e">
         <name>.debug_info</name>
         <load_address>0xaf29</load_address>
         <run_address>0xaf29</run_address>
         <size>0x313</size>
         <input_file_ref idref="fl-ca"/>
      </object_component>
      <object_component id="oc-4b">
         <name>.debug_info</name>
         <load_address>0xb23c</load_address>
         <run_address>0xb23c</run_address>
         <size>0x1b4</size>
         <input_file_ref idref="fl-ca"/>
      </object_component>
      <object_component id="oc-139">
         <name>.debug_info</name>
         <load_address>0xb3f0</load_address>
         <run_address>0xb3f0</run_address>
         <size>0x46</size>
         <input_file_ref idref="fl-ca"/>
      </object_component>
      <object_component id="oc-215">
         <name>.debug_info</name>
         <load_address>0xb436</load_address>
         <run_address>0xb436</run_address>
         <size>0x2c</size>
         <input_file_ref idref="fl-ca"/>
      </object_component>
      <object_component id="oc-49">
         <name>.debug_info</name>
         <load_address>0xb462</load_address>
         <run_address>0xb462</run_address>
         <size>0x29d</size>
         <input_file_ref idref="fl-cb"/>
      </object_component>
      <object_component id="oc-19">
         <name>.debug_info</name>
         <load_address>0xb6ff</load_address>
         <run_address>0xb6ff</run_address>
         <size>0x1df</size>
         <input_file_ref idref="fl-cb"/>
      </object_component>
      <object_component id="oc-44">
         <name>.debug_info</name>
         <load_address>0xb8de</load_address>
         <run_address>0xb8de</run_address>
         <size>0x46</size>
         <input_file_ref idref="fl-cb"/>
      </object_component>
      <object_component id="oc-131">
         <name>.debug_info</name>
         <load_address>0xb924</load_address>
         <run_address>0xb924</run_address>
         <size>0x2c</size>
         <input_file_ref idref="fl-cb"/>
      </object_component>
      <object_component id="oc-12f">
         <name>.debug_info</name>
         <load_address>0xb950</load_address>
         <run_address>0xb950</run_address>
         <size>0x293</size>
         <input_file_ref idref="fl-cc"/>
      </object_component>
      <object_component id="oc-13">
         <name>.debug_info</name>
         <load_address>0xbbe3</load_address>
         <run_address>0xbbe3</run_address>
         <size>0x245</size>
         <input_file_ref idref="fl-cc"/>
      </object_component>
      <object_component id="oc-34">
         <name>.debug_info</name>
         <load_address>0xbe28</load_address>
         <run_address>0xbe28</run_address>
         <size>0x60</size>
         <input_file_ref idref="fl-cc"/>
      </object_component>
      <object_component id="oc-20e">
         <name>.debug_info</name>
         <load_address>0xbe88</load_address>
         <run_address>0xbe88</run_address>
         <size>0x46</size>
         <input_file_ref idref="fl-cc"/>
      </object_component>
      <object_component id="oc-12a">
         <name>.debug_info</name>
         <load_address>0xbece</load_address>
         <run_address>0xbece</run_address>
         <size>0x39</size>
         <input_file_ref idref="fl-cc"/>
      </object_component>
      <object_component id="oc-22">
         <name>.debug_info</name>
         <load_address>0xbf07</load_address>
         <run_address>0xbf07</run_address>
         <size>0x100</size>
         <input_file_ref idref="fl-cd"/>
      </object_component>
      <object_component id="oc-5d">
         <name>.debug_info</name>
         <load_address>0xc007</load_address>
         <run_address>0xc007</run_address>
         <size>0x1a4</size>
         <input_file_ref idref="fl-cd"/>
      </object_component>
      <object_component id="oc-21f">
         <name>.debug_info</name>
         <load_address>0xc1ab</load_address>
         <run_address>0xc1ab</run_address>
         <size>0x117</size>
         <input_file_ref idref="fl-ce"/>
      </object_component>
      <object_component id="oc-17d">
         <name>.debug_info</name>
         <load_address>0xc2c2</load_address>
         <run_address>0xc2c2</run_address>
         <size>0x10d</size>
         <input_file_ref idref="fl-d1"/>
      </object_component>
      <object_component id="oc-3f">
         <name>.debug_info</name>
         <load_address>0xc3cf</load_address>
         <run_address>0xc3cf</run_address>
         <size>0x111</size>
         <input_file_ref idref="fl-d2"/>
      </object_component>
      <object_component id="oc-2a8">
         <name>.debug_info</name>
         <load_address>0xc4e0</load_address>
         <run_address>0xc4e0</run_address>
         <size>0x547</size>
         <input_file_ref idref="fl-d4"/>
      </object_component>
      <object_component id="oc-22b">
         <name>.debug_info</name>
         <load_address>0xca27</load_address>
         <run_address>0xca27</run_address>
         <size>0x19b</size>
         <input_file_ref idref="fl-d4"/>
      </object_component>
      <object_component id="oc-2d0">
         <name>.debug_info</name>
         <load_address>0xcbc2</load_address>
         <run_address>0xcbc2</run_address>
         <size>0x39</size>
         <input_file_ref idref="fl-d4"/>
      </object_component>
      <object_component id="oc-2e4">
         <name>.debug_info</name>
         <load_address>0xcbfb</load_address>
         <run_address>0xcbfb</run_address>
         <size>0x39</size>
         <input_file_ref idref="fl-d4"/>
      </object_component>
      <object_component id="oc-2d5">
         <name>.debug_info</name>
         <load_address>0xcc34</load_address>
         <run_address>0xcc34</run_address>
         <size>0x39</size>
         <input_file_ref idref="fl-d4"/>
      </object_component>
      <object_component id="oc-2da">
         <name>.debug_info</name>
         <load_address>0xcc6d</load_address>
         <run_address>0xcc6d</run_address>
         <size>0xcd</size>
         <input_file_ref idref="fl-d4"/>
      </object_component>
      <object_component id="oc-146">
         <name>.debug_info</name>
         <load_address>0xcd3a</load_address>
         <run_address>0xcd3a</run_address>
         <size>0x148</size>
         <input_file_ref idref="fl-d5"/>
      </object_component>
      <object_component id="oc-31c">
         <name>.debug_info</name>
         <load_address>0xce82</load_address>
         <run_address>0xce82</run_address>
         <size>0xbf</size>
      </object_component>
      <object_component id="oc-29c">
         <name>.debug_line</name>
         <load_address>0x0</load_address>
         <run_address>0x0</run_address>
         <size>0x90</size>
         <input_file_ref idref="fl-1"/>
      </object_component>
      <object_component id="oc-93">
         <name>.debug_line</name>
         <load_address>0x90</load_address>
         <run_address>0x90</run_address>
         <size>0xe3</size>
         <input_file_ref idref="fl-1"/>
      </object_component>
      <object_component id="oc-128">
         <name>.debug_line</name>
         <load_address>0x173</load_address>
         <run_address>0x173</run_address>
         <size>0x74</size>
         <input_file_ref idref="fl-1"/>
      </object_component>
      <object_component id="oc-3c">
         <name>.debug_line</name>
         <load_address>0x1e7</load_address>
         <run_address>0x1e7</run_address>
         <size>0x20</size>
         <input_file_ref idref="fl-1"/>
      </object_component>
      <object_component id="oc-20b">
         <name>.debug_line</name>
         <load_address>0x207</load_address>
         <run_address>0x207</run_address>
         <size>0x78</size>
         <input_file_ref idref="fl-1"/>
      </object_component>
      <object_component id="oc-121">
         <name>.debug_line</name>
         <load_address>0x27f</load_address>
         <run_address>0x27f</run_address>
         <size>0x75</size>
         <input_file_ref idref="fl-1"/>
      </object_component>
      <object_component id="oc-29a">
         <name>.debug_line</name>
         <load_address>0x2f4</load_address>
         <run_address>0x2f4</run_address>
         <size>0x20</size>
         <input_file_ref idref="fl-2"/>
      </object_component>
      <object_component id="oc-205">
         <name>.debug_line</name>
         <load_address>0x314</load_address>
         <run_address>0x314</run_address>
         <size>0x31</size>
         <input_file_ref idref="fl-2"/>
      </object_component>
      <object_component id="oc-1ec">
         <name>.debug_line</name>
         <load_address>0x345</load_address>
         <run_address>0x345</run_address>
         <size>0x31</size>
         <input_file_ref idref="fl-2"/>
      </object_component>
      <object_component id="oc-266">
         <name>.debug_line</name>
         <load_address>0x376</load_address>
         <run_address>0x376</run_address>
         <size>0x32</size>
         <input_file_ref idref="fl-3"/>
      </object_component>
      <object_component id="oc-264">
         <name>.debug_line</name>
         <load_address>0x3a8</load_address>
         <run_address>0x3a8</run_address>
         <size>0x30</size>
         <input_file_ref idref="fl-3"/>
      </object_component>
      <object_component id="oc-26a">
         <name>.debug_line</name>
         <load_address>0x3d8</load_address>
         <run_address>0x3d8</run_address>
         <size>0x30</size>
         <input_file_ref idref="fl-3"/>
      </object_component>
      <object_component id="oc-26e">
         <name>.debug_line</name>
         <load_address>0x408</load_address>
         <run_address>0x408</run_address>
         <size>0x30</size>
         <input_file_ref idref="fl-3"/>
      </object_component>
      <object_component id="oc-26c">
         <name>.debug_line</name>
         <load_address>0x438</load_address>
         <run_address>0x438</run_address>
         <size>0x30</size>
         <input_file_ref idref="fl-3"/>
      </object_component>
      <object_component id="oc-268">
         <name>.debug_line</name>
         <load_address>0x468</load_address>
         <run_address>0x468</run_address>
         <size>0x32</size>
         <input_file_ref idref="fl-3"/>
      </object_component>
      <object_component id="oc-7b">
         <name>.debug_line</name>
         <load_address>0x49a</load_address>
         <run_address>0x49a</run_address>
         <size>0x672</size>
         <input_file_ref idref="fl-3"/>
      </object_component>
      <object_component id="oc-11c">
         <name>.debug_line</name>
         <load_address>0xb0c</load_address>
         <run_address>0xb0c</run_address>
         <size>0x20</size>
         <input_file_ref idref="fl-3"/>
      </object_component>
      <object_component id="oc-174">
         <name>.debug_line</name>
         <load_address>0xb2c</load_address>
         <run_address>0xb2c</run_address>
         <size>0x32</size>
         <input_file_ref idref="fl-3"/>
      </object_component>
      <object_component id="oc-1db">
         <name>.debug_line</name>
         <load_address>0xb5e</load_address>
         <run_address>0xb5e</run_address>
         <size>0xfc</size>
         <input_file_ref idref="fl-4"/>
      </object_component>
      <object_component id="oc-1e2">
         <name>.debug_line</name>
         <load_address>0xc5a</load_address>
         <run_address>0xc5a</run_address>
         <size>0x30</size>
         <input_file_ref idref="fl-4"/>
      </object_component>
      <object_component id="oc-1e4">
         <name>.debug_line</name>
         <load_address>0xc8a</load_address>
         <run_address>0xc8a</run_address>
         <size>0x30</size>
         <input_file_ref idref="fl-4"/>
      </object_component>
      <object_component id="oc-1e6">
         <name>.debug_line</name>
         <load_address>0xcba</load_address>
         <run_address>0xcba</run_address>
         <size>0x30</size>
         <input_file_ref idref="fl-4"/>
      </object_component>
      <object_component id="oc-1e8">
         <name>.debug_line</name>
         <load_address>0xcea</load_address>
         <run_address>0xcea</run_address>
         <size>0x30</size>
         <input_file_ref idref="fl-4"/>
      </object_component>
      <object_component id="oc-1ea">
         <name>.debug_line</name>
         <load_address>0xd1a</load_address>
         <run_address>0xd1a</run_address>
         <size>0x30</size>
         <input_file_ref idref="fl-4"/>
      </object_component>
      <object_component id="oc-1fb">
         <name>.debug_line</name>
         <load_address>0xd4a</load_address>
         <run_address>0xd4a</run_address>
         <size>0x30</size>
         <input_file_ref idref="fl-4"/>
      </object_component>
      <object_component id="oc-1f5">
         <name>.debug_line</name>
         <load_address>0xd7a</load_address>
         <run_address>0xd7a</run_address>
         <size>0x30</size>
         <input_file_ref idref="fl-4"/>
      </object_component>
      <object_component id="oc-1f1">
         <name>.debug_line</name>
         <load_address>0xdaa</load_address>
         <run_address>0xdaa</run_address>
         <size>0x30</size>
         <input_file_ref idref="fl-4"/>
      </object_component>
      <object_component id="oc-1f3">
         <name>.debug_line</name>
         <load_address>0xdda</load_address>
         <run_address>0xdda</run_address>
         <size>0x30</size>
         <input_file_ref idref="fl-4"/>
      </object_component>
      <object_component id="oc-1fd">
         <name>.debug_line</name>
         <load_address>0xe0a</load_address>
         <run_address>0xe0a</run_address>
         <size>0x30</size>
         <input_file_ref idref="fl-4"/>
      </object_component>
      <object_component id="oc-1ff">
         <name>.debug_line</name>
         <load_address>0xe3a</load_address>
         <run_address>0xe3a</run_address>
         <size>0x30</size>
         <input_file_ref idref="fl-4"/>
      </object_component>
      <object_component id="oc-1f9">
         <name>.debug_line</name>
         <load_address>0xe6a</load_address>
         <run_address>0xe6a</run_address>
         <size>0x30</size>
         <input_file_ref idref="fl-4"/>
      </object_component>
      <object_component id="oc-1ef">
         <name>.debug_line</name>
         <load_address>0xe9a</load_address>
         <run_address>0xe9a</run_address>
         <size>0x30</size>
         <input_file_ref idref="fl-4"/>
      </object_component>
      <object_component id="oc-1f7">
         <name>.debug_line</name>
         <load_address>0xeca</load_address>
         <run_address>0xeca</run_address>
         <size>0x30</size>
         <input_file_ref idref="fl-4"/>
      </object_component>
      <object_component id="oc-286">
         <name>.debug_line</name>
         <load_address>0xefa</load_address>
         <run_address>0xefa</run_address>
         <size>0x30</size>
         <input_file_ref idref="fl-4"/>
      </object_component>
      <object_component id="oc-288">
         <name>.debug_line</name>
         <load_address>0xf2a</load_address>
         <run_address>0xf2a</run_address>
         <size>0x30</size>
         <input_file_ref idref="fl-4"/>
      </object_component>
      <object_component id="oc-28a">
         <name>.debug_line</name>
         <load_address>0xf5a</load_address>
         <run_address>0xf5a</run_address>
         <size>0x30</size>
         <input_file_ref idref="fl-4"/>
      </object_component>
      <object_component id="oc-28c">
         <name>.debug_line</name>
         <load_address>0xf8a</load_address>
         <run_address>0xf8a</run_address>
         <size>0x30</size>
         <input_file_ref idref="fl-4"/>
      </object_component>
      <object_component id="oc-28e">
         <name>.debug_line</name>
         <load_address>0xfba</load_address>
         <run_address>0xfba</run_address>
         <size>0x30</size>
         <input_file_ref idref="fl-4"/>
      </object_component>
      <object_component id="oc-290">
         <name>.debug_line</name>
         <load_address>0xfea</load_address>
         <run_address>0xfea</run_address>
         <size>0x30</size>
         <input_file_ref idref="fl-4"/>
      </object_component>
      <object_component id="oc-292">
         <name>.debug_line</name>
         <load_address>0x101a</load_address>
         <run_address>0x101a</run_address>
         <size>0x30</size>
         <input_file_ref idref="fl-4"/>
      </object_component>
      <object_component id="oc-294">
         <name>.debug_line</name>
         <load_address>0x104a</load_address>
         <run_address>0x104a</run_address>
         <size>0x30</size>
         <input_file_ref idref="fl-4"/>
      </object_component>
      <object_component id="oc-296">
         <name>.debug_line</name>
         <load_address>0x107a</load_address>
         <run_address>0x107a</run_address>
         <size>0x30</size>
         <input_file_ref idref="fl-4"/>
      </object_component>
      <object_component id="oc-298">
         <name>.debug_line</name>
         <load_address>0x10aa</load_address>
         <run_address>0x10aa</run_address>
         <size>0x30</size>
         <input_file_ref idref="fl-4"/>
      </object_component>
      <object_component id="oc-1b5">
         <name>.debug_line</name>
         <load_address>0x10da</load_address>
         <run_address>0x10da</run_address>
         <size>0x30</size>
         <input_file_ref idref="fl-4"/>
      </object_component>
      <object_component id="oc-1d7">
         <name>.debug_line</name>
         <load_address>0x110a</load_address>
         <run_address>0x110a</run_address>
         <size>0x30</size>
         <input_file_ref idref="fl-4"/>
      </object_component>
      <object_component id="oc-1d9">
         <name>.debug_line</name>
         <load_address>0x113a</load_address>
         <run_address>0x113a</run_address>
         <size>0x30</size>
         <input_file_ref idref="fl-4"/>
      </object_component>
      <object_component id="oc-207">
         <name>.debug_line</name>
         <load_address>0x116a</load_address>
         <run_address>0x116a</run_address>
         <size>0x30</size>
         <input_file_ref idref="fl-4"/>
      </object_component>
      <object_component id="oc-1d5">
         <name>.debug_line</name>
         <load_address>0x119a</load_address>
         <run_address>0x119a</run_address>
         <size>0x2d</size>
         <input_file_ref idref="fl-4"/>
      </object_component>
      <object_component id="oc-1b3">
         <name>.debug_line</name>
         <load_address>0x11c7</load_address>
         <run_address>0x11c7</run_address>
         <size>0x2d</size>
         <input_file_ref idref="fl-4"/>
      </object_component>
      <object_component id="oc-2e">
         <name>.debug_line</name>
         <load_address>0x11f4</load_address>
         <run_address>0x11f4</run_address>
         <size>0x3b6</size>
         <input_file_ref idref="fl-4"/>
      </object_component>
      <object_component id="oc-1df">
         <name>.debug_line</name>
         <load_address>0x15aa</load_address>
         <run_address>0x15aa</run_address>
         <size>0x2d</size>
         <input_file_ref idref="fl-4"/>
      </object_component>
      <object_component id="oc-124">
         <name>.debug_line</name>
         <load_address>0x15d7</load_address>
         <run_address>0x15d7</run_address>
         <size>0x41</size>
         <input_file_ref idref="fl-5"/>
      </object_component>
      <object_component id="oc-31">
         <name>.debug_line</name>
         <load_address>0x1618</load_address>
         <run_address>0x1618</run_address>
         <size>0x41</size>
         <input_file_ref idref="fl-5"/>
      </object_component>
      <object_component id="oc-28">
         <name>.debug_line</name>
         <load_address>0x1659</load_address>
         <run_address>0x1659</run_address>
         <size>0xa1</size>
         <input_file_ref idref="fl-5"/>
      </object_component>
      <object_component id="oc-2bf">
         <name>.debug_line</name>
         <load_address>0x16fa</load_address>
         <run_address>0x16fa</run_address>
         <size>0x82</size>
         <input_file_ref idref="fl-b"/>
      </object_component>
      <object_component id="oc-19e">
         <name>.debug_line</name>
         <load_address>0x177c</load_address>
         <run_address>0x177c</run_address>
         <size>0x92</size>
         <input_file_ref idref="fl-b"/>
      </object_component>
      <object_component id="oc-278">
         <name>.debug_line</name>
         <load_address>0x180e</load_address>
         <run_address>0x180e</run_address>
         <size>0x95</size>
         <input_file_ref idref="fl-b"/>
      </object_component>
      <object_component id="oc-18c">
         <name>.debug_line</name>
         <load_address>0x18a3</load_address>
         <run_address>0x18a3</run_address>
         <size>0xd1</size>
         <input_file_ref idref="fl-b"/>
      </object_component>
      <object_component id="oc-192">
         <name>.debug_line</name>
         <load_address>0x1974</load_address>
         <run_address>0x1974</run_address>
         <size>0x99</size>
         <input_file_ref idref="fl-b"/>
      </object_component>
      <object_component id="oc-186">
         <name>.debug_line</name>
         <load_address>0x1a0d</load_address>
         <run_address>0x1a0d</run_address>
         <size>0x93</size>
         <input_file_ref idref="fl-b"/>
      </object_component>
      <object_component id="oc-198">
         <name>.debug_line</name>
         <load_address>0x1aa0</load_address>
         <run_address>0x1aa0</run_address>
         <size>0x92</size>
         <input_file_ref idref="fl-b"/>
      </object_component>
      <object_component id="oc-15b">
         <name>.debug_line</name>
         <load_address>0x1b32</load_address>
         <run_address>0x1b32</run_address>
         <size>0x69</size>
         <input_file_ref idref="fl-b"/>
      </object_component>
      <object_component id="oc-283">
         <name>.debug_line</name>
         <load_address>0x1b9b</load_address>
         <run_address>0x1b9b</run_address>
         <size>0x7c</size>
         <input_file_ref idref="fl-c"/>
      </object_component>
      <object_component id="oc-281">
         <name>.debug_line</name>
         <load_address>0x1c17</load_address>
         <run_address>0x1c17</run_address>
         <size>0x82</size>
         <input_file_ref idref="fl-c"/>
      </object_component>
      <object_component id="oc-b5">
         <name>.debug_line</name>
         <load_address>0x1c99</load_address>
         <run_address>0x1c99</run_address>
         <size>0x97</size>
         <input_file_ref idref="fl-c"/>
      </object_component>
      <object_component id="oc-a9">
         <name>.debug_line</name>
         <load_address>0x1d30</load_address>
         <run_address>0x1d30</run_address>
         <size>0xc2</size>
         <input_file_ref idref="fl-c"/>
      </object_component>
      <object_component id="oc-25d">
         <name>.debug_line</name>
         <load_address>0x1df2</load_address>
         <run_address>0x1df2</run_address>
         <size>0x13d</size>
         <input_file_ref idref="fl-d"/>
      </object_component>
      <object_component id="oc-270">
         <name>.debug_line</name>
         <load_address>0x1f2f</load_address>
         <run_address>0x1f2f</run_address>
         <size>0x7f</size>
         <input_file_ref idref="fl-d"/>
      </object_component>
      <object_component id="oc-99">
         <name>.debug_line</name>
         <load_address>0x1fae</load_address>
         <run_address>0x1fae</run_address>
         <size>0x94</size>
         <input_file_ref idref="fl-d"/>
      </object_component>
      <object_component id="oc-75">
         <name>.debug_line</name>
         <load_address>0x2042</load_address>
         <run_address>0x2042</run_address>
         <size>0xee</size>
         <input_file_ref idref="fl-d"/>
      </object_component>
      <object_component id="oc-81">
         <name>.debug_line</name>
         <load_address>0x2130</load_address>
         <run_address>0x2130</run_address>
         <size>0x11a</size>
         <input_file_ref idref="fl-d"/>
      </object_component>
      <object_component id="oc-261">
         <name>.debug_line</name>
         <load_address>0x224a</load_address>
         <run_address>0x224a</run_address>
         <size>0x7f</size>
         <input_file_ref idref="fl-d"/>
      </object_component>
      <object_component id="oc-272">
         <name>.debug_line</name>
         <load_address>0x22c9</load_address>
         <run_address>0x22c9</run_address>
         <size>0x82</size>
         <input_file_ref idref="fl-e"/>
      </object_component>
      <object_component id="oc-a5">
         <name>.debug_line</name>
         <load_address>0x234b</load_address>
         <run_address>0x234b</run_address>
         <size>0x9c</size>
         <input_file_ref idref="fl-e"/>
      </object_component>
      <object_component id="oc-b1">
         <name>.debug_line</name>
         <load_address>0x23e7</load_address>
         <run_address>0x23e7</run_address>
         <size>0x93</size>
         <input_file_ref idref="fl-e"/>
      </object_component>
      <object_component id="oc-88">
         <name>.debug_line</name>
         <load_address>0x247a</load_address>
         <run_address>0x247a</run_address>
         <size>0x93</size>
         <input_file_ref idref="fl-e"/>
      </object_component>
      <object_component id="oc-bd">
         <name>.debug_line</name>
         <load_address>0x250d</load_address>
         <run_address>0x250d</run_address>
         <size>0x93</size>
         <input_file_ref idref="fl-e"/>
      </object_component>
      <object_component id="oc-9f">
         <name>.debug_line</name>
         <load_address>0x25a0</load_address>
         <run_address>0x25a0</run_address>
         <size>0xb7</size>
         <input_file_ref idref="fl-e"/>
      </object_component>
      <object_component id="oc-1ae">
         <name>.debug_line</name>
         <load_address>0x2657</load_address>
         <run_address>0x2657</run_address>
         <size>0x91</size>
         <input_file_ref idref="fl-f"/>
      </object_component>
      <object_component id="oc-8e">
         <name>.debug_line</name>
         <load_address>0x26e8</load_address>
         <run_address>0x26e8</run_address>
         <size>0x5b</size>
         <input_file_ref idref="fl-c5"/>
      </object_component>
      <object_component id="oc-10c">
         <name>.debug_line</name>
         <load_address>0x2743</load_address>
         <run_address>0x2743</run_address>
         <size>0xd2</size>
         <input_file_ref idref="fl-c6"/>
      </object_component>
      <object_component id="oc-107">
         <name>.debug_line</name>
         <load_address>0x2815</load_address>
         <run_address>0x2815</run_address>
         <size>0x8e</size>
         <input_file_ref idref="fl-c7"/>
      </object_component>
      <object_component id="oc-111">
         <name>.debug_line</name>
         <load_address>0x28a3</load_address>
         <run_address>0x28a3</run_address>
         <size>0x59</size>
         <input_file_ref idref="fl-c8"/>
      </object_component>
      <object_component id="oc-102">
         <name>.debug_line</name>
         <load_address>0x28fc</load_address>
         <run_address>0x28fc</run_address>
         <size>0x4c</size>
         <input_file_ref idref="fl-c9"/>
      </object_component>
      <object_component id="oc-21b">
         <name>.debug_line</name>
         <load_address>0x2948</load_address>
         <run_address>0x2948</run_address>
         <size>0x9e</size>
         <input_file_ref idref="fl-ca"/>
      </object_component>
      <object_component id="oc-4e">
         <name>.debug_line</name>
         <load_address>0x29e6</load_address>
         <run_address>0x29e6</run_address>
         <size>0x4f</size>
         <input_file_ref idref="fl-ca"/>
      </object_component>
      <object_component id="oc-13c">
         <name>.debug_line</name>
         <load_address>0x2a35</load_address>
         <run_address>0x2a35</run_address>
         <size>0x34</size>
         <input_file_ref idref="fl-ca"/>
      </object_component>
      <object_component id="oc-218">
         <name>.debug_line</name>
         <load_address>0x2a69</load_address>
         <run_address>0x2a69</run_address>
         <size>0x8a</size>
         <input_file_ref idref="fl-ca"/>
      </object_component>
      <object_component id="oc-137">
         <name>.debug_line</name>
         <load_address>0x2af3</load_address>
         <run_address>0x2af3</run_address>
         <size>0x20</size>
         <input_file_ref idref="fl-cb"/>
      </object_component>
      <object_component id="oc-1c">
         <name>.debug_line</name>
         <load_address>0x2b13</load_address>
         <run_address>0x2b13</run_address>
         <size>0x55</size>
         <input_file_ref idref="fl-cb"/>
      </object_component>
      <object_component id="oc-47">
         <name>.debug_line</name>
         <load_address>0x2b68</load_address>
         <run_address>0x2b68</run_address>
         <size>0x3a</size>
         <input_file_ref idref="fl-cb"/>
      </object_component>
      <object_component id="oc-134">
         <name>.debug_line</name>
         <load_address>0x2ba2</load_address>
         <run_address>0x2ba2</run_address>
         <size>0x8a</size>
         <input_file_ref idref="fl-cb"/>
      </object_component>
      <object_component id="oc-214">
         <name>.debug_line</name>
         <load_address>0x2c2c</load_address>
         <run_address>0x2c2c</run_address>
         <size>0x20</size>
         <input_file_ref idref="fl-cc"/>
      </object_component>
      <object_component id="oc-16">
         <name>.debug_line</name>
         <load_address>0x2c4c</load_address>
[...]
         <name>GetColumn</name>
         <value>0x57b3</value>
         <object_component_ref idref="oc-8f"/>
      </symbol>
      <symbol id="sm-5c">
         <name>GetButton</name>
         <value>0x57f9</value>
         <object_component_ref idref="oc-8f"/>
      </symbol>
      <symbol id="sm-5d">
         <name>ConfigureButtons</name>
         <value>0x5769</value>
         <object_component_ref idref="oc-8f"/>
      </symbol>
      <symbol id="sm-6e">
         <name>Map</name>
         <value>0x20000d74</value>
         <object_component_ref idref="oc-112"/>
      </symbol>
      <symbol id="sm-6f">
         <name>Fruits</name>
         <value>0x20000000</value>
         <object_component_ref idref="oc-e0"/>
      </symbol>
      <symbol id="sm-14e">
         <name>Screen</name>
         <value>0x20001b20</value>
      </symbol>
      <symbol id="sm-14f">
         <name>Nokia5110_SetCursor</name>
         <value>0x404d</value>
         <object_component_ref idref="oc-77"/>
      </symbol>
      <symbol id="sm-150">
         <name>Nokia5110_ClearBuffer</name>
         <value>0x42f9</value>
         <object_component_ref idref="oc-77"/>
      </symbol>
      <symbol id="sm-151">
         <name>Nokia5110_PrintBMP</name>
         <value>0x4115</value>
         <object_component_ref idref="oc-77"/>
      </symbol>
      <symbol id="sm-152">
         <name>Nokia5110_DisplayBuffer</name>
         <value>0x4323</value>
         <object_component_ref idref="oc-77"/>
      </symbol>
      <symbol id="sm-153">
         <name>Nokia5110_OutSpecial</name>
         <value>0x4689</value>
         <object_component_ref idref="oc-77"/>
      </symbol>
      <symbol id="sm-154">
         <name>Nokia5110_SetPixel</name>
         <value>0x47bd</value>
         <object_component_ref idref="oc-77"/>
      </symbol>
      <symbol id="sm-155">
         <name>Nokia5110_DrawVLine</name>
         <value>0x4763</value>
         <object_component_ref idref="oc-77"/>
      </symbol>
      <symbol id="sm-156">
         <name>Nokia5110_OutDec</name>
         <value>0x43ed</value>
         <object_component_ref idref="oc-77"/>
      </symbol>
      <symbol id="sm-157">
         <name>Nokia5110_ClearPixel</name>
         <value>0x432d</value>
         <object_component_ref idref="oc-77"/>
      </symbol>
      <symbol id="sm-158">
         <name>Nokia5110_Init</name>
         <value>0x3cc3</value>
         <object_component_ref idref="oc-77"/>
      </symbol>
      <symbol id="sm-159">
         <name>Nokia5110_DrawFullImage</name>
         <value>0x40cd</value>
         <object_component_ref idref="oc-77"/>
      </symbol>
      <symbol id="sm-15a">
         <name>Nokia5110_OutString</name>
         <value>0x3e1d</value>
         <object_component_ref idref="oc-77"/>
      </symbol>
      <symbol id="sm-15b">
         <name>Nokia5110_Padding</name>
         <value>0x4a2d</value>
         <object_component_ref idref="oc-77"/>
      </symbol>
      <symbol id="sm-15c">
         <name>Nokia5110_DrawChar</name>
         <value>0x46d1</value>
         <object_component_ref idref="oc-77"/>
      </symbol>
      <symbol id="sm-15d">
         <name>Nokia5110_OutStringInv</name>
         <value>0x4645</value>
         <object_component_ref idref="oc-77"/>
      </symbol>
      <symbol id="sm-15e">
         <name>Nokia5110_ReadPixel</name>
         <value>0x491b</value>
         <object_component_ref idref="oc-77"/>
      </symbol>
      <symbol id="sm-15f">
         <name>Nokia5110_OutUDec</name>
         <value>0x3e49</value>
         <object_component_ref idref="oc-77"/>
      </symbol>
      <symbol id="sm-160">
         <name>Nokia5110_DrawHLine</name>
         <value>0x4709</value>
         <object_component_ref idref="oc-77"/>
      </symbol>
      <symbol id="sm-161">
         <name>Nokia5110_DrawMix</name>
         <value>0x49b5</value>
         <object_component_ref idref="oc-77"/>
      </symbol>
      <symbol id="sm-162">
         <name>Nokia5110_DrawPacMan</name>
         <value>0x494d</value>
         <object_component_ref idref="oc-77"/>
      </symbol>
      <symbol id="sm-163">
         <name>Nokia5110_ClearSquare</name>
         <value>0x4885</value>
         <object_component_ref idref="oc-77"/>
      </symbol>
      <symbol id="sm-164">
         <name>PLL_Init</name>
         <value>0x4379</value>
         <object_component_ref idref="oc-77"/>
      </symbol>
      <symbol id="sm-165">
         <name>Nokia5110_ClearBitmap</name>
         <value>0x47f5</value>
         <object_component_ref idref="oc-77"/>
      </symbol>
      <symbol id="sm-166">
         <name>Nokia5110_OutChar</name>
         <value>0x3ddd</value>
         <object_component_ref idref="oc-77"/>
      </symbol>
      <symbol id="sm-167">
         <name>Nokia5110_DrawPixel</name>
         <value>0x4353</value>
         <object_component_ref idref="oc-77"/>
      </symbol>
      <symbol id="sm-168">
         <name>Nokia5110_DrawSpecial</name>
         <value>0x497f</value>
         <object_component_ref idref="oc-77"/>
      </symbol>
      <symbol id="sm-169">
         <name>Nokia5110_OutCharInv</name>
         <value>0x45b3</value>
         <object_component_ref idref="oc-77"/>
      </symbol>
      <symbol id="sm-16a">
         <name>Nokia5110_Clear</name>
         <value>0x409d</value>
         <object_component_ref idref="oc-77"/>
      </symbol>
      <symbol id="sm-16b">
         <name>Masks</name>
         <value>0x3c44</value>
         <object_component_ref idref="oc-164"/>
      </symbol>
      <symbol id="sm-2b9">
         <name>PacMan</name>
         <value>0x20001d18</value>
      </symbol>
      <symbol id="sm-2ba">
         <name>BMPPacMan_D</name>
         <value>0x2eb0</value>
         <object_component_ref idref="oc-da"/>
      </symbol>
      <symbol id="sm-2bb">
         <name>BMPPacMan_L</name>
         <value>0x2f3f</value>
         <object_component_ref idref="oc-d4"/>
      </symbol>
      <symbol id="sm-2bc">
         <name>BMPPacMan_U</name>
         <value>0x305d</value>
         <object_component_ref idref="oc-d7"/>
      </symbol>
      <symbol id="sm-2bd">
         <name>BMPPacMan_R</name>
         <value>0x2fce</value>
         <object_component_ref idref="oc-d1"/>
      </symbol>
      <symbol id="sm-2be">
         <name>TWO</name>
         <value>0x399c</value>
         <object_component_ref idref="oc-1bc"/>
      </symbol>
      <symbol id="sm-2bf">
         <name>Move</name>
         <value>0x4edd</value>
         <object_component_ref idref="oc-2a"/>
      </symbol>
      <symbol id="sm-2c0">
         <name>GamePaused</name>
         <value>0x20001b10</value>
         <object_component_ref idref="oc-bf"/>
      </symbol>
      <symbol id="sm-2c1">
         <name>EraseCharacter</name>
         <value>0x505d</value>
         <object_component_ref idref="oc-2a"/>
      </symbol>
      <symbol id="sm-2c2">
         <name>BMPIntroduction</name>
         <value>0x13da</value>
         <object_component_ref idref="oc-c2"/>
      </symbol>
      <symbol id="sm-2c3">
         <name>ZERO</name>
         <value>0x3ab2</value>
         <object_component_ref idref="oc-1b6"/>
      </symbol>
      <symbol id="sm-2c4">
         <name>Timer0AIntHandler</name>
         <value>0x4a77</value>
         <object_component_ref idref="oc-2a"/>
      </symbol>
      <symbol id="sm-2c5">
         <name>EatFruit</name>
         <value>0x512d</value>
         <object_component_ref idref="oc-2a"/>
      </symbol>
      <symbol id="sm-2c6">
         <name>ConvertSwitch</name>
         <value>0x5349</value>
         <object_component_ref idref="oc-2a"/>
      </symbol>
      <symbol id="sm-2c7">
         <name>NINE</name>
         <value>0x34b9</value>
         <object_component_ref idref="oc-1d1"/>
      </symbol>
      <symbol id="sm-2c8">
         <name>T</name>
         <value>0x3886</value>
         <object_component_ref idref="oc-e3"/>
      </symbol>
      <symbol id="sm-2c9">
         <name>S</name>
         <value>0x36e5</value>
         <object_component_ref idref="oc-f2"/>
      </symbol>
      <symbol id="sm-2ca">
         <name>R</name>
         <value>0x365a</value>
         <object_component_ref idref="oc-fb"/>
      </symbol>
      <symbol id="sm-2cb">
         <name>O</name>
         <value>0x3544</value>
         <object_component_ref idref="oc-f8"/>
      </symbol>
      <symbol id="sm-2cc">
         <name>M</name>
         <value>0x342e</value>
         <object_component_ref idref="oc-e9"/>
      </symbol>
      <symbol id="sm-2cd">
         <name>I</name>
         <value>0x33a3</value>
         <object_component_ref idref="oc-e6"/>
      </symbol>
      <symbol id="sm-2ce">
         <name>Numbers</name>
         <value>0x20001ae8</value>
         <object_component_ref idref="oc-c5"/>
      </symbol>
      <symbol id="sm-2cf">
         <name>E</name>
         <value>0x3177</value>
         <object_component_ref idref="oc-ec"/>
      </symbol>
      <symbol id="sm-2d0">
         <name>C</name>
         <value>0x30ec</value>
         <object_component_ref idref="oc-f5"/>
      </symbol>
      <symbol id="sm-2d1">
         <name>CheckEndGame</name>
         <value>0x5389</value>
         <object_component_ref idref="oc-2a"/>
      </symbol>
      <symbol id="sm-2d2">
         <name>DrawCharacter</name>
         <value>0x502d</value>
         <object_component_ref idref="oc-2a"/>
      </symbol>
      <symbol id="sm-2d3">
         <name>Initialize</name>
         <value>0x4bdf</value>
         <object_component_ref idref="oc-2a"/>
      </symbol>
      <symbol id="sm-2d4">
         <name>EIGHT</name>
         <value>0x3202</value>
         <object_component_ref idref="oc-1ce"/>
      </symbol>
      <symbol id="sm-2d5">
         <name>main</name>
         <value>0x4a45</value>
         <object_component_ref idref="oc-2a"/>
      </symbol>
      <symbol id="sm-2d6">
         <name>Score</name>
         <value>0x20001b14</value>
         <object_component_ref idref="oc-bf"/>
      </symbol>
      <symbol id="sm-2d7">
         <name>BMPBestScore</name>
         <value>0x26c</value>
         <object_component_ref idref="oc-115"/>
      </symbol>
      <symbol id="sm-2d8">
         <name>FIVE</name>
         <value>0x328d</value>
         <object_component_ref idref="oc-1c5"/>
      </symbol>
      <symbol id="sm-2d9">
         <name>THREE</name>
         <value>0x3911</value>
         <object_component_ref idref="oc-1bf"/>
      </symbol>
      <symbol id="sm-2da">
         <name>Introduction</name>
         <value>0x4b27</value>
         <object_component_ref idref="oc-2a"/>
      </symbol>
      <symbol id="sm-2db">
         <name>EndGame</name>
         <value>0x53e5</value>
         <object_component_ref idref="oc-2a"/>
      </symbol>
      <symbol id="sm-2dc">
         <name>BMPMap</name>
         <value>0x2548</value>
         <object_component_ref idref="oc-dd"/>
      </symbol>
      <symbol id="sm-2dd">
         <name>ONE</name>
         <value>0x35cf</value>
         <object_component_ref idref="oc-1b9"/>
      </symbol>
      <symbol id="sm-2de">
         <name>InitializeGrid</name>
         <value>0x4c89</value>
         <object_component_ref idref="oc-2a"/>
      </symbol>
      <symbol id="sm-2df">
         <name>TWOPOINTS</name>
         <value>0x3a27</value>
         <object_component_ref idref="oc-ef"/>
      </symbol>
      <symbol id="sm-2e0">
         <name>SIX</name>
         <value>0x37fb</value>
         <object_component_ref idref="oc-1c8"/>
      </symbol>
      <symbol id="sm-2e1">
         <name>Time</name>
         <value>0x20001b1c</value>
         <object_component_ref idref="oc-bf"/>
      </symbol>
      <symbol id="sm-2e2">
         <name>attTime</name>
         <value>0x4a8f</value>
         <object_component_ref idref="oc-2a"/>
      </symbol>
      <symbol id="sm-2e3">
         <name>BMPHelp</name>
         <value>0xb23</value>
         <object_component_ref idref="oc-cb"/>
      </symbol>
      <symbol id="sm-2e4">
         <name>BestScore</name>
         <value>0x20001b18</value>
         <object_component_ref idref="oc-bf"/>
      </symbol>
      <symbol id="sm-2e5">
         <name>CheckMovement</name>
         <value>0x5089</value>
         <object_component_ref idref="oc-2a"/>
      </symbol>
      <symbol id="sm-2e6">
         <name>Pause</name>
         <value>0x4b95</value>
         <object_component_ref idref="oc-2a"/>
      </symbol>
      <symbol id="sm-2e7">
         <name>SEVEN</name>
         <value>0x3770</value>
         <object_component_ref idref="oc-1cb"/>
      </symbol>
      <symbol id="sm-2e8">
         <name>FOUR</name>
         <value>0x3318</value>
         <object_component_ref idref="oc-1c2"/>
      </symbol>
      <symbol id="sm-2e9">
         <name>BMPPressEnterToPlay</name>
         <value>0x1c91</value>
         <object_component_ref idref="oc-c8"/>
      </symbol>
      <symbol id="sm-305">
         <name>ResetISR</name>
         <value>0x60f9</value>
         <object_component_ref idref="oc-24"/>
      </symbol>
      <symbol id="sm-306">
         <name>g_pfnVectors</name>
         <value>0x0</value>
         <object_component_ref idref="oc-f"/>
      </symbol>
      <symbol id="sm-342">
         <name>GPIOPinTypeGPIOInput</name>
         <value>0x608b</value>
         <object_component_ref idref="oc-182"/>
      </symbol>
      <symbol id="sm-343">
         <name>GPIOPinTypeGPIOOutput</name>
         <value>0x6073</value>
         <object_component_ref idref="oc-18e"/>
      </symbol>
      <symbol id="sm-344">
         <name>GPIOPinRead</name>
         <value>0x610d</value>
         <object_component_ref idref="oc-194"/>
      </symbol>
      <symbol id="sm-345">
         <name>GPIODirModeSet</name>
         <value>0x6029</value>
         <object_component_ref idref="oc-274"/>
      </symbol>
      <symbol id="sm-346">
         <name>GPIOPinWrite</name>
         <value>0x6113</value>
         <object_component_ref idref="oc-19a"/>
      </symbol>
      <symbol id="sm-347">
         <name>GPIOPadConfigSet</name>
         <value>0x58f5</value>
         <object_component_ref idref="oc-188"/>
      </symbol>
      <symbol id="sm-377">
         <name>IntEnable</name>
         <value>0x5dc5</value>
         <object_component_ref idref="oc-a7"/>
      </symbol>
      <symbol id="sm-378">
         <name>IntMasterEnable</name>
         <value>0x60c1</value>
         <object_component_ref idref="oc-b3"/>
      </symbol>
      <symbol id="sm-3ca">
         <name>SysCtlClockSet</name>
         <value>0x5c35</value>
         <object_component_ref idref="oc-71"/>
      </symbol>
      <symbol id="sm-3cb">
         <name>SysCtlDelay</name>
         <value>0x6119</value>
         <object_component_ref idref="oc-83"/>
      </symbol>
      <symbol id="sm-3cc">
         <name>SysCtlPeripheralEnable</name>
         <value>0x5ff5</value>
         <object_component_ref idref="oc-95"/>
      </symbol>
      <symbol id="sm-3cd">
         <name>SysCtlClockGet</name>
         <value>0x5a29</value>
         <object_component_ref idref="oc-7d"/>
      </symbol>
      <symbol id="sm-401">
         <name>TimerLoadSet</name>
         <value>0x609d</value>
         <object_component_ref idref="oc-a1"/>
      </symbol>
      <symbol id="sm-402">
         <name>TimerEnable</name>
         <value>0x60d1</value>
         <object_component_ref idref="oc-b9"/>
      </symbol>
      <symbol id="sm-403">
         <name>TimerIntEnable</name>
         <value>0x6105</value>
         <object_component_ref idref="oc-ad"/>
      </symbol>
      <symbol id="sm-404">
         <name>TimerConfigure</name>
         <value>0x5e95</value>
         <object_component_ref idref="oc-9b"/>
      </symbol>
      <symbol id="sm-405">
         <name>TimerIntClear</name>
         <value>0x611f</value>
         <object_component_ref idref="oc-84"/>
      </symbol>
      <symbol id="sm-40f">
         <name>CPUcpsie</name>
         <value>0x60ed</value>
         <object_component_ref idref="oc-1aa"/>
      </symbol>
      <symbol id="sm-41e">
         <name>__aeabi_uidivmod</name>
         <value>0x5f7d</value>
         <object_component_ref idref="oc-8a"/>
      </symbol>
      <symbol id="sm-41f">
         <name>__aeabi_uidiv</name>
         <value>0x5f7d</value>
         <object_component_ref idref="oc-8a"/>
      </symbol>
      <symbol id="sm-436">
         <name>__aeabi_dsub</name>
         <value>0x55b1</value>
         <object_component_ref idref="oc-108"/>
      </symbol>
      <symbol id="sm-437">
         <name>__aeabi_dadd</name>
         <value>0x55bb</value>
         <object_component_ref idref="oc-108"/>
      </symbol>
      <symbol id="sm-442">
         <name>__aeabi_dmul</name>
         <value>0x5b39</value>
         <object_component_ref idref="oc-103"/>
      </symbol>
      <symbol id="sm-44c">
         <name>__aeabi_d2uiz</name>
         <value>0x5f39</value>
         <object_component_ref idref="oc-10d"/>
      </symbol>
      <symbol id="sm-456">
         <name>__aeabi_ui2d</name>
         <value>0x6053</value>
         <object_component_ref idref="oc-fe"/>
      </symbol>
      <symbol id="sm-46f">
         <name>__TI_zero_init_nomemset</name>
         <value>0x60af</value>
         <object_component_ref idref="oc-4a"/>
      </symbol>
      <symbol id="sm-486">
         <name>__TI_decompress_none</name>
         <value>0x60df</value>
         <object_component_ref idref="oc-18"/>
      </symbol>
      <symbol id="sm-4a9">
         <name>__TI_decompress_lzss</name>
         <value>0x5e2d</value>
         <object_component_ref idref="oc-12"/>
      </symbol>
      <symbol id="sm-4bc">
         <name>__stack</name>
         <value>0x20001d30</value>
         <object_component_ref idref="oc-21"/>
      </symbol>
      <symbol id="sm-4bd">
         <name>_c_int00_noargs</name>
         <value>0x5fbd</value>
         <object_component_ref idref="oc-5c"/>
      </symbol>
      <symbol id="sm-4c8">
         <name>C$$EXIT</name>
         <value>0x6127</value>
         <object_component_ref idref="oc-21e"/>
      </symbol>
      <symbol id="sm-4c9">
         <name>abort</name>
         <value>0x6127</value>
         <object_component_ref idref="oc-21e"/>
      </symbol>
      <symbol id="sm-4d5">
         <name>__aeabi_idiv0</name>
         <value>0x5767</value>
         <object_component_ref idref="oc-17c"/>
      </symbol>
      <symbol id="sm-4d6">
         <name>__aeabi_ldiv0</name>
         <value>0x5767</value>
         <object_component_ref idref="oc-17c"/>
      </symbol>
      <symbol id="sm-4f1">
         <name>memcpy</name>
         <value>0x5d29</value>
         <object_component_ref idref="oc-3e"/>
      </symbol>
      <symbol id="sm-4f2">
         <name>__aeabi_memcpy</name>
         <value>0x5d29</value>
         <object_component_ref idref="oc-3e"/>
      </symbol>
      <symbol id="sm-4f3">
         <name>__aeabi_memcpy8</name>
         <value>0x5d29</value>
         <object_component_ref idref="oc-3e"/>
      </symbol>
      <symbol id="sm-4f4">
         <name>__aeabi_memcpy4</name>
         <value>0x5d29</value>
         <object_component_ref idref="oc-3e"/>
      </symbol>
      <symbol id="sm-51d">
         <name>__TI_auto_init_nobinit_nopinit</name>
         <value>0x5ef5</value>
         <object_component_ref idref="oc-22a"/>
      </symbol>
      <symbol id="sm-527">
         <name>_system_pre_init</name>
         <value>0x6123</value>
         <object_component_ref idref="oc-145"/>
      </symbol>
      <symbol id="sm-529">
         <name>__TI_static_base__</name>
         <value>0x0</value>
      </symbol>
      <symbol id="sm-52c">
         <name>__mpu_init</name>
         <value>0x0</value>
      </symbol>
      <symbol id="sm-52d">
         <name>_system_post_cinit</name>
         <value>0x0</value>
      </symbol>
   </symbol_table>
   <title>Link successful</title>
</link_info>
